Component: ARM Compiler 5.06 update 7 (build 960) Tool: armlink [4d3601]

==============================================================================

Section Cross References

    startup_stm32f411xe.o(STACK) refers (Special) to heapauxi.o(.text) for __use_two_region_memory
    startup_stm32f411xe.o(HEAP) refers (Special) to heapauxi.o(.text) for __use_two_region_memory
    startup_stm32f411xe.o(RESET) refers (Special) to heapauxi.o(.text) for __use_two_region_memory
    startup_stm32f411xe.o(RESET) refers to startup_stm32f411xe.o(STACK) for __initial_sp
    startup_stm32f411xe.o(RESET) refers to startup_stm32f411xe.o(.text) for Reset_Handler
    startup_stm32f411xe.o(RESET) refers to stm32f4xx_it.o(i.NMI_Handler) for NMI_Handler
    startup_stm32f411xe.o(RESET) refers to stm32f4xx_it.o(i.HardFault_Handler) for HardFault_Handler
    startup_stm32f411xe.o(RESET) refers to stm32f4xx_it.o(i.MemManage_Handler) for MemManage_Handler
    startup_stm32f411xe.o(RESET) refers to stm32f4xx_it.o(i.BusFault_Handler) for BusFault_Handler
    startup_stm32f411xe.o(RESET) refers to stm32f4xx_it.o(i.UsageFault_Handler) for UsageFault_Handler
    startup_stm32f411xe.o(RESET) refers to stm32f4xx_it.o(i.SVC_Handler) for SVC_Handler
    startup_stm32f411xe.o(RESET) refers to stm32f4xx_it.o(i.DebugMon_Handler) for DebugMon_Handler
    startup_stm32f411xe.o(RESET) refers to stm32f4xx_it.o(i.PendSV_Handler) for PendSV_Handler
    startup_stm32f411xe.o(RESET) refers to stm32f4xx_it.o(i.SysTick_Handler) for SysTick_Handler
    startup_stm32f411xe.o(RESET) refers to iptcap.o(i.TIM1_UP_TIM10_IRQHandler) for TIM1_UP_TIM10_IRQHandler
    startup_stm32f411xe.o(RESET) refers to iptcap.o(i.TIM1_CC_IRQHandler) for TIM1_CC_IRQHandler
    startup_stm32f411xe.o(RESET) refers to timer.o(i.TIM3_IRQHandler) for TIM3_IRQHandler
    startup_stm32f411xe.o(RESET) refers to timer.o(i.TIM4_IRQHandler) for TIM4_IRQHandler
    startup_stm32f411xe.o(RESET) refers to usart.o(i.USART1_IRQHandler) for USART1_IRQHandler
    startup_stm32f411xe.o(RESET) refers to usart2.o(i.USART2_IRQHandler) for USART2_IRQHandler
    startup_stm32f411xe.o(RESET) refers to exit.o(i.EXTI15_10_IRQHandler) for EXTI15_10_IRQHandler
    startup_stm32f411xe.o(RESET) refers to timer.o(i.TIM5_IRQHandler) for TIM5_IRQHandler
    startup_stm32f411xe.o(.text) refers (Special) to heapauxi.o(.text) for __use_two_region_memory
    startup_stm32f411xe.o(.text) refers to system_stm32f4xx.o(i.SystemInit) for SystemInit
    startup_stm32f411xe.o(.text) refers to __main.o(!!!main) for __main
    startup_stm32f411xe.o(.text) refers to startup_stm32f411xe.o(HEAP) for Heap_Mem
    startup_stm32f411xe.o(.text) refers to startup_stm32f411xe.o(STACK) for Stack_Mem
    system_stm32f4xx.o(i.SystemCoreClockUpdate) refers to system_stm32f4xx.o(.data) for SystemCoreClock
    system_stm32f4xx.o(i.SystemInit) refers to system_stm32f4xx.o(i.SetSysClock) for SetSysClock
    stm32f4xx_gpio.o(i.GPIO_DeInit) refers to stm32f4xx_rcc.o(i.RCC_AHB1PeriphResetCmd) for RCC_AHB1PeriphResetCmd
    stm32f4xx_rcc.o(i.RCC_GetClocksFreq) refers to stm32f4xx_rcc.o(.data) for APBAHBPrescTable
    stm32f4xx_rcc.o(i.RCC_WaitForHSEStartUp) refers to stm32f4xx_rcc.o(i.RCC_GetFlagStatus) for RCC_GetFlagStatus
    stm32f4xx_syscfg.o(i.SYSCFG_DeInit) refers to stm32f4xx_rcc.o(i.RCC_APB2PeriphResetCmd) for RCC_APB2PeriphResetCmd
    stm32f4xx_tim.o(i.TIM_DeInit) refers to stm32f4xx_rcc.o(i.RCC_APB2PeriphResetCmd) for RCC_APB2PeriphResetCmd
    stm32f4xx_tim.o(i.TIM_DeInit) refers to stm32f4xx_rcc.o(i.RCC_APB1PeriphResetCmd) for RCC_APB1PeriphResetCmd
    stm32f4xx_tim.o(i.TIM_ETRClockMode1Config) refers to stm32f4xx_tim.o(i.TIM_ETRConfig) for TIM_ETRConfig
    stm32f4xx_tim.o(i.TIM_ETRClockMode2Config) refers to stm32f4xx_tim.o(i.TIM_ETRConfig) for TIM_ETRConfig
    stm32f4xx_tim.o(i.TIM_ICInit) refers to stm32f4xx_tim.o(i.TI1_Config) for TI1_Config
    stm32f4xx_tim.o(i.TIM_ICInit) refers to stm32f4xx_tim.o(i.TIM_SetIC1Prescaler) for TIM_SetIC1Prescaler
    stm32f4xx_tim.o(i.TIM_ICInit) refers to stm32f4xx_tim.o(i.TI2_Config) for TI2_Config
    stm32f4xx_tim.o(i.TIM_ICInit) refers to stm32f4xx_tim.o(i.TIM_SetIC2Prescaler) for TIM_SetIC2Prescaler
    stm32f4xx_tim.o(i.TIM_ICInit) refers to stm32f4xx_tim.o(i.TI3_Config) for TI3_Config
    stm32f4xx_tim.o(i.TIM_ICInit) refers to stm32f4xx_tim.o(i.TIM_SetIC3Prescaler) for TIM_SetIC3Prescaler
    stm32f4xx_tim.o(i.TIM_ICInit) refers to stm32f4xx_tim.o(i.TI4_Config) for TI4_Config
    stm32f4xx_tim.o(i.TIM_ICInit) refers to stm32f4xx_tim.o(i.TIM_SetIC4Prescaler) for TIM_SetIC4Prescaler
    stm32f4xx_tim.o(i.TIM_ITRxExternalClockConfig) refers to stm32f4xx_tim.o(i.TIM_SelectInputTrigger) for TIM_SelectInputTrigger
    stm32f4xx_tim.o(i.TIM_PWMIConfig) refers to stm32f4xx_tim.o(i.TI1_Config) for TI1_Config
    stm32f4xx_tim.o(i.TIM_PWMIConfig) refers to stm32f4xx_tim.o(i.TIM_SetIC1Prescaler) for TIM_SetIC1Prescaler
[...]
    Removing oled.o(i.OledTimeValueShow), (66 bytes).
    Removing oled.o(i.OledYearValueShow), (156 bytes).
    Removing oled.o(i.SetColumnAddress), (32 bytes).
    Removing oled.o(i.SetNop), (12 bytes).
    Removing oled.o(i.SetPageAddress), (32 bytes).
    Removing oled.o(i.SetStartColumn), (48 bytes).
    Removing oled.o(i.SetStartPage), (16 bytes).
    Removing main.o(.rev16_text), (4 bytes).
    Removing main.o(.revsh_text), (4 bytes).
    Removing main.o(.rrx_text), (6 bytes).
    Removing main.o(i.DisplayHighPlus), (188 bytes).
    Removing main.o(i.DisplayTimeCycle), (144 bytes).
    Removing main.o(i.ShowDis), (48 bytes).
    Removing main.o(i.led_breathe), (80 bytes).
    Removing led.o(.rev16_text), (4 bytes).
    Removing led.o(.revsh_text), (4 bytes).
    Removing led.o(.rrx_text), (6 bytes).
    Removing key.o(.rev16_text), (4 bytes).
    Removing key.o(.revsh_text), (4 bytes).
    Removing key.o(.rrx_text), (6 bytes).
    Removing exit.o(.rev16_text), (4 bytes).
    Removing exit.o(.revsh_text), (4 bytes).
    Removing exit.o(.rrx_text), (6 bytes).
    Removing exit.o(i.EXIT_Init), (76 bytes).
    Removing exit.o(.data), (16 bytes).
    Removing iptcap.o(.rev16_text), (4 bytes).
    Removing iptcap.o(.revsh_text), (4 bytes).
    Removing iptcap.o(.rrx_text), (6 bytes).
    Removing iptcap.o(i.TIM1_Cap_Init), (292 bytes).
    Removing pwm.o(.rev16_text), (4 bytes).
    Removing pwm.o(.revsh_text), (4 bytes).
    Removing pwm.o(.rrx_text), (6 bytes).
    Removing pwm.o(i.TIM2_PWM_Init), (152 bytes).
    Removing pwm.o(i.TIM3_PWM_Init), (172 bytes).
    Removing pwm.o(i.TIM4_PWM_Init), (172 bytes).
    Removing timer.o(.rev16_text), (4 bytes).
    Removing timer.o(.revsh_text), (4 bytes).
    Removing timer.o(.rrx_text), (6 bytes).
    Removing timer.o(i.TIM3_Init), (92 bytes).
    Removing timer.o(i.TIM5_Init), (92 bytes).
    Removing iic.o(.rev16_text), (4 bytes).
    Removing iic.o(.revsh_text), (4 bytes).
    Removing iic.o(.rrx_text), (6 bytes).
    Removing iic.o(i.IIC_Ack), (80 bytes).
    Removing iic.o(i.IIC_Init), (76 bytes).
    Removing iic.o(i.IIC_NAck), (80 bytes).
    Removing iic.o(i.IIC_Read_Byte), (108 bytes).
    Removing iic.o(i.IIC_Send_Byte), (104 bytes).
    Removing iic.o(i.IIC_Start), (76 bytes).
    Removing iic.o(i.IIC_Stop), (76 bytes).
    Removing iic.o(i.IIC_Wait_Ack), (96 bytes).

301 unused section(s) (total 10884 bytes) removed from the image.

==============================================================================

Image Symbol Table

    Local Symbols

    Symbol Name                              Value     Ov Type        Size  Object(Section)

    ../clib/angel/boardlib.s                 0x00000000   Number         0  boardinit2.o ABSOLUTE
    ../clib/angel/boardlib.s                 0x00000000   Number         0  boardinit3.o ABSOLUTE
    ../clib/angel/boardlib.s                 0x00000000   Number         0  boardshut.o ABSOLUTE
    ../clib/angel/boardlib.s                 0x00000000   Number         0  boardinit1.o ABSOLUTE
    ../clib/angel/handlers.s                 0x00000000   Number         0  __scatter_zi.o ABSOLUTE
    ../clib/angel/handlers.s                 0x00000000   Number         0  __scatter_copy.o ABSOLUTE
    ../clib/angel/kernel.s                   0x00000000   Number         0  __rtentry2.o ABSOLUTE
    ../clib/angel/kernel.s                   0x00000000   Number         0  __rtentry4.o ABSOLUTE
    ../clib/angel/kernel.s                   0x00000000   Number         0  __rtentry.o ABSOLUTE
    ../clib/angel/kernel.s                   0x00000000   Number         0  rtexit2.o ABSOLUTE
    ../clib/angel/kernel.s                   0x00000000   Number         0  rtexit.o ABSOLUTE
    ../clib/angel/rt.s                       0x00000000   Number         0  rt_errno_addr.o ABSOLUTE
    ../clib/angel/rt.s                       0x00000000   Number         0  rt_locale.o ABSOLUTE
    ../clib/angel/rt.s                       0x00000000   Number         0  rt_heap_descriptor_intlibspace.o ABSOLUTE
    ../clib/angel/rt.s                       0x00000000   Number         0  rt_heap_descriptor.o ABSOLUTE
    ../clib/angel/rt.s                       0x00000000   Number         0  rt_raise.o ABSOLUTE
    ../clib/angel/rt.s                       0x00000000   Number         0  rt_locale_intlibspace.o ABSOLUTE
    ../clib/angel/rt.s                       0x00000000   Number         0  rt_errno_addr_intlibspace.o ABSOLUTE
    ../clib/angel/scatter.s                  0x00000000   Number         0  __scatter.o ABSOLUTE
    ../clib/angel/startup.s                  0x00000000   Number         0  __main.o ABSOLUTE
    ../clib/angel/sys.s                      0x00000000   Number         0  libspace.o ABSOLUTE
    ../clib/angel/sys.s                      0x00000000   Number         0  mutex_dummy.o ABSOLUTE
    ../clib/angel/sys.s                      0x00000000   Number         0  sys_stackheap_outer.o ABSOLUTE
    ../clib/angel/sys.s                      0x00000000   Number         0  use_no_semi.o ABSOLUTE
    ../clib/angel/sys.s                      0x00000000   Number         0  indicate_semi.o ABSOLUTE
    ../clib/angel/sysapp.c                   0x00000000   Number         0  sys_command.o ABSOLUTE
    ../clib/angel/sysapp.c                   0x00000000   Number         0  sys_wrch.o ABSOLUTE
    ../clib/angel/sysapp.c                   0x00000000   Number         0  sys_io.o ABSOLUTE
    ../clib/angel/sysapp.c                   0x00000000   Number         0  sys_exit.o ABSOLUTE
    ../clib/armsys.c                         0x00000000   Number         0  no_argv.o ABSOLUTE
    ../clib/armsys.c                         0x00000000   Number         0  _get_argv.o ABSOLUTE
    ../clib/armsys.c                         0x00000000   Number         0  _get_argv_nomalloc.o ABSOLUTE
    ../clib/armsys.c                         0x00000000   Number         0  argv_veneer.o ABSOLUTE
    ../clib/armsys.c                         0x00000000   Number         0  argv_veneer.o ABSOLUTE
    ../clib/assert.c                         0x00000000   Number         0  assert_stdio.o ABSOLUTE
    ../clib/bigflt.c                         0x00000000   Number         0  bigflt0.o ABSOLUTE
    ../clib/btod.s                           0x00000000   Number         0  btod.o ABSOLUTE
    ../clib/heap1.c                          0x00000000   Number         0  h1_alloc.o ABSOLUTE
    ../clib/heap1.c                          0x00000000   Number         0  h1_init.o ABSOLUTE
    ../clib/heap1.c                          0x00000000   Number         0  h1_extend.o ABSOLUTE
    ../clib/heap1.c                          0x00000000   Number         0  h1_init_mt.o ABSOLUTE
    ../clib/heap1.c                          0x00000000   Number         0  h1_extend_mt.o ABSOLUTE
    ../clib/heap1.c                          0x00000000   Number         0  h1_free_mt.o ABSOLUTE
    ../clib/heap1.c                          0x00000000   Number         0  h1_final_mt.o ABSOLUTE
    ../clib/heap1.c                          0x00000000   Number         0  h1_final.o ABSOLUTE
    ../clib/heap1.c                          0x00000000   Number         0  h1_alloc_mt.o ABSOLUTE
    ../clib/heap1.c                          0x00000000   Number         0  h1_free.o ABSOLUTE
    ../clib/heap2.c                          0x00000000   Number         0  heap2.o ABSOLUTE
    ../clib/heap2.c                          0x00000000   Number         0  heap2mt.o ABSOLUTE
    ../clib/heap2.c                          0x00000000   Number         0  fdtree.o ABSOLUTE
    ../clib/heapalloc.c                      0x00000000   Number         0  hguard.o ABSOLUTE
    ../clib/heapalloc.c                      0x00000000   Number         0  free.o ABSOLUTE
    ../clib/heapalloc.c                      0x00000000   Number         0  heapstubs.o ABSOLUTE
    ../clib/heapalloc.c                      0x00000000   Number         0  hrguard.o ABSOLUTE
    ../clib/heapalloc.c                      0x00000000   Number         0  term_alloc.o ABSOLUTE
    ../clib/heapalloc.c                      0x00000000   Number         0  malloc.o ABSOLUTE
    ../clib/heapalloc.c                      0x00000000   Number         0  maybetermalloc2.o ABSOLUTE
    ../clib/heapalloc.c                      0x00000000   Number         0  maybetermalloc2.o ABSOLUTE
    ../clib/heapalloc.c                      0x00000000   Number         0  maybetermalloc1.o ABSOLUTE
    ../clib/heapalloc.c                      0x00000000   Number         0  maybetermalloc1.o ABSOLUTE
    ../clib/heapalloc.c                      0x00000000   Number         0  init_alloc.o ABSOLUTE
    ../clib/heapaux.c                        0x00000000   Number         0  heapauxa.o ABSOLUTE
    ../clib/heapaux.c                        0x00000000   Number         0  heapauxi.o ABSOLUTE
    ../clib/libinit.s                        0x00000000   Number         0  libshutdown2.o ABSOLUTE
    ../clib/libinit.s                        0x00000000   Number         0  libshutdown.o ABSOLUTE
    ../clib/libinit.s                        0x00000000   Number         0  libinit2.o ABSOLUTE
    ../clib/libinit.s                        0x00000000   Number         0  libinit.o ABSOLUTE
    ../clib/locale.s                         0x00000000   Number         0  lc_numeric_c.o ABSOLUTE
    ../clib/longlong.s                       0x00000000   Number         0  lludiv10.o ABSOLUTE
    ../clib/memcpset.s                       0x00000000   Number         0  rt_memcpy_w.o ABSOLUTE
    ../clib/memcpset.s                       0x00000000   Number         0  rt_memcpy_v6.o ABSOLUTE
    ../clib/memcpset.s                       0x00000000   Number         0  rt_memclr_w.o ABSOLUTE
    ../clib/memcpset.s                       0x00000000   Number         0  strcmpv7m.o ABSOLUTE
    ../clib/misc.s                           0x00000000   Number         0  printf_stubs.o ABSOLUTE
    ../clib/printf.c                         0x00000000   Number         0  _printf_fp_dec.o ABSOLUTE
    ../clib/printf.c                         0x00000000   Number         0  __printf_nopercent.o ABSOLUTE
    ../clib/printf.c                         0x00000000   Number         0  _printf_intcommon.o ABSOLUTE
    ../clib/printf.c                         0x00000000   Number         0  __printf_flags_ss_wp.o ABSOLUTE
    ../clib/printf.c                         0x00000000   Number         0  __printf_ss_wp.o ABSOLUTE
    ../clib/printf.c                         0x00000000   Number         0  __2printf.o ABSOLUTE
    ../clib/printf.c                         0x00000000   Number         0  noretval__2printf.o ABSOLUTE
    ../clib/printf.c                         0x00000000   Number         0  __printf.o ABSOLUTE
    ../clib/printf.c                         0x00000000   Number         0  _printf_pad.o ABSOLUTE
    ../clib/printf.c                         0x00000000   Number         0  _printf_dec.o ABSOLUTE
    ../clib/printf.c                         0x00000000   Number         0  __printf_flags.o ABSOLUTE
    ../clib/printf.c                         0x00000000   Number         0  _printf_char_file_locked.o ABSOLUTE
    ../clib/printf.c                         0x00000000   Number         0  __printf_ss.o ABSOLUTE
    ../clib/printf.c                         0x00000000   Number         0  __printf_flags_ss.o ABSOLUTE
    ../clib/printf.c                         0x00000000   Number         0  __printf_wp.o ABSOLUTE
    ../clib/printf.c                         0x00000000   Number         0  __printf_flags_wp.o ABSOLUTE
    ../clib/printf.c                         0x00000000   Number         0  _printf_fp_infnan.o ABSOLUTE
    ../clib/printf.c                         0x00000000   Number         0  _printf_char_common.o ABSOLUTE
    ../clib/printf.c                         0x00000000   Number         0  _printf_char_file.o ABSOLUTE
    ../clib/printf_percent.s                 0x00000000   Number         0  _printf_percent_end.o ABSOLUTE
    ../clib/printf_percent.s                 0x00000000   Number         0  _printf_d.o ABSOLUTE
    ../clib/printf_percent.s                 0x00000000   Number         0  _printf_f.o ABSOLUTE
    ../clib/printf_percent.s                 0x00000000   Number         0  _printf_percent.o ABSOLUTE
    ../clib/signal.c                         0x00000000   Number         0  defsig_rtmem_formal.o ABSOLUTE
    ../clib/signal.c                         0x00000000   Number         0  defsig_rtmem_outer.o ABSOLUTE
    ../clib/signal.c                         0x00000000   Number         0  defsig_general.o ABSOLUTE
    ../clib/signal.c                         0x00000000   Number         0  __raise.o ABSOLUTE
    ../clib/signal.c                         0x00000000   Number         0  defsig_cppl_inner.o ABSOLUTE
    ../clib/signal.c                         0x00000000   Number         0  defsig_rtred_outer.o ABSOLUTE
    ../clib/signal.c                         0x00000000   Number         0  defsig_rtred_inner.o ABSOLUTE
    ../clib/signal.c                         0x00000000   Number         0  defsig_exit.o ABSOLUTE
    ../clib/signal.c                         0x00000000   Number         0  defsig_pvfn_inner.o ABSOLUTE
    ../clib/signal.c                         0x00000000   Number         0  defsig_stak_inner.o ABSOLUTE
    ../clib/signal.c                         0x00000000   Number         0  defsig_fpe_inner.o ABSOLUTE
    ../clib/signal.c                         0x00000000   Number         0  defsig_abrt_inner.o ABSOLUTE
    ../clib/signal.c                         0x00000000   Number         0  defsig_rtmem_inner.o ABSOLUTE
    ../clib/signal.c                         0x00000000   Number         0  defsig_other.o ABSOLUTE
    ../clib/signal.c                         0x00000000   Number         0  defsig_segv_inner.o ABSOLUTE
    ../clib/signal.c                         0x00000000   Number         0  defsig_rtred_formal.o ABSOLUTE
    ../clib/signal.s                         0x00000000   Number         0  defsig.o ABSOLUTE
    ../clib/stdio.c                          0x00000000   Number         0  fputc.o ABSOLUTE
    ../clib/stdio.c                          0x00000000   Number         0  fflush_locked.o ABSOLUTE
    ../clib/stdio.c                          0x00000000   Number         0  fputs_locked.o ABSOLUTE
    ../clib/stdio.c                          0x00000000   Number         0  fseek.o ABSOLUTE
    ../clib/stdio.c                          0x00000000   Number         0  ferror.o ABSOLUTE
    ../clib/stdio.c                          0x00000000   Number         0  ftell.o ABSOLUTE
    ../clib/stdio.c                          0x00000000   Number         0  fputs.o ABSOLUTE
    ../clib/stdio.c                          0x00000000   Number         0  fflush.o ABSOLUTE
    ../clib/stdio.c                          0x00000000   Number         0  fclose.o ABSOLUTE
    ../clib/stdio.c                          0x00000000   Number         0  fwritefast_locked.o ABSOLUTE
    ../clib/stdio.c                          0x00000000   Number         0  initio.o ABSOLUTE
    ../clib/stdio.c                          0x00000000   Number         0  setvbuf_locked.o ABSOLUTE
    ../clib/stdio.c                          0x00000000   Number         0  initio_locked.o ABSOLUTE
    ../clib/stdio.c                          0x00000000   Number         0  fputc_locked.o ABSOLUTE
    ../clib/stdio.c                          0x00000000   Number         0  stdio_streams.o ABSOLUTE
    ../clib/stdio.c                          0x00000000   Number         0  fopen.o ABSOLUTE
    ../clib/stdio.c                          0x00000000   Number         0  streamlock.o ABSOLUTE
    ../clib/stdio.c                          0x00000000   Number         0  setvbuf.o ABSOLUTE
    ../clib/stdio.c                          0x00000000   Number         0  flsbuf.o ABSOLUTE
    ../clib/stdio.c                          0x00000000   Number         0  fopen_locked.o ABSOLUTE
    ../clib/stdio.c                          0x00000000   Number         0  ferror_locked.o ABSOLUTE
    ../clib/stdio.c                          0x00000000   Number         0  fwritefast.o ABSOLUTE
    ../clib/stdio.c                          0x00000000   Number         0  stdio.o ABSOLUTE
    ../clib/stdlib.c                         0x00000000   Number         0  exit.o ABSOLUTE
    ../clib/string.c                         0x00000000   Number         0  strlen.o ABSOLUTE
    ../clib/wchar.c                          0x00000000   Number         0  flsbuf_fwide.o ABSOLUTE
    ../fplib/dcmpi.s                         0x00000000   Number         0  dcmpi.o ABSOLUTE
    ../fplib/dleqf.s                         0x00000000   Number         0  dleqf.o ABSOLUTE
    ../fplib/dnaninf.s                       0x00000000   Number         0  dnaninf.o ABSOLUTE
    ../fplib/dretinf.s                       0x00000000   Number         0  dretinf.o ABSOLUTE
    ../fplib/f2d.s                           0x00000000   Number         0  f2d.o ABSOLUTE
    ../fplib/fnaninf.s                       0x00000000   Number         0  fnaninf.o ABSOLUTE
    ../fplib/fpinit.s                        0x00000000   Number         0  fpinit.o ABSOLUTE
    ../fplib/istatus.s                       0x00000000   Number         0  istatus.o ABSOLUTE
    ../fplib/printf1.s                       0x00000000   Number         0  printf1.o ABSOLUTE
    ../fplib/usenofp.s                       0x00000000   Number         0  usenofp.o ABSOLUTE
    ../mathlib/fpclassify.c                  0x00000000   Number         0  fpclassify.o ABSOLUTE
    ..\A_CMSIS\Other\system_stm32f4xx.c      0x00000000   Number         0  system_stm32f4xx.o ABSOLUTE
    ..\A_CMSIS\StartupFile\startup_stm32f411xe.s 0x00000000   Number         0  startup_stm32f411xe.o ABSOLUTE
    ..\B_STDPERIPH\src\misc.c                0x00000000   Number         0  misc.o ABSOLUTE
    ..\B_STDPERIPH\src\stm32f4xx_exti.c      0x00000000   Number         0  stm32f4xx_exti.o ABSOLUTE
    ..\B_STDPERIPH\src\stm32f4xx_gpio.c      0x00000000   Number         0  stm32f4xx_gpio.o ABSOLUTE
    ..\B_STDPERIPH\src\stm32f4xx_pwr.c       0x00000000   Number         0  stm32f4xx_pwr.o ABSOLUTE
    ..\B_STDPERIPH\src\stm32f4xx_rcc.c       0x00000000   Number         0  stm32f4xx_rcc.o ABSOLUTE
    ..\B_STDPERIPH\src\stm32f4xx_syscfg.c    0x00000000   Number         0  stm32f4xx_syscfg.o ABSOLUTE
    ..\B_STDPERIPH\src\stm32f4xx_tim.c       0x00000000   Number         0  stm32f4xx_tim.o ABSOLUTE
    ..\B_STDPERIPH\src\stm32f4xx_usart.c     0x00000000   Number         0  stm32f4xx_usart.o ABSOLUTE
    ..\B_STDPERIPH\stm32f4xx_it.c            0x00000000   Number         0  stm32f4xx_it.o ABSOLUTE
    ..\C_SYSTEM\delay\delay.c                0x00000000   Number         0  delay.o ABSOLUTE
    ..\C_SYSTEM\hc\hc.c                      0x00000000   Number         0  hc.o ABSOLUTE
    ..\C_SYSTEM\loudspeaker\loudspeaker.c    0x00000000   Number         0  loudspeaker.o ABSOLUTE
    ..\C_SYSTEM\oled\oled.c                  0x00000000   Number         0  oled.o ABSOLUTE
    ..\C_SYSTEM\sys\sys.c                    0x00000000   Number         0  sys.o ABSOLUTE
    ..\C_SYSTEM\usart2\usart2.c              0x00000000   Number         0  usart2.o ABSOLUTE
    ..\C_SYSTEM\usart\usart.c                0x00000000   Number         0  usart.o ABSOLUTE
    ..\\A_CMSIS\\Other\\system_stm32f4xx.c   0x00000000   Number         0  system_stm32f4xx.o ABSOLUTE
    ..\\B_STDPERIPH\\src\\misc.c             0x00000000   Number         0  misc.o ABSOLUTE
    ..\\B_STDPERIPH\\src\\stm32f4xx_exti.c   0x00000000   Number         0  stm32f4xx_exti.o ABSOLUTE
    ..\\B_STDPERIPH\\src\\stm32f4xx_gpio.c   0x00000000   Number         0  stm32f4xx_gpio.o ABSOLUTE
    ..\\B_STDPERIPH\\src\\stm32f4xx_pwr.c    0x00000000   Number         0  stm32f4xx_pwr.o ABSOLUTE
    ..\\B_STDPERIPH\\src\\stm32f4xx_rcc.c    0x00000000   Number         0  stm32f4xx_rcc.o ABSOLUTE
    ..\\B_STDPERIPH\\src\\stm32f4xx_syscfg.c 0x00000000   Number         0  stm32f4xx_syscfg.o ABSOLUTE
    ..\\B_STDPERIPH\\src\\stm32f4xx_tim.c    0x00000000   Number         0  stm32f4xx_tim.o ABSOLUTE
    ..\\B_STDPERIPH\\src\\stm32f4xx_usart.c  0x00000000   Number         0  stm32f4xx_usart.o ABSOLUTE
    ..\\B_STDPERIPH\\stm32f4xx_it.c          0x00000000   Number         0  stm32f4xx_it.o ABSOLUTE
    ..\\C_SYSTEM\\delay\\delay.c             0x00000000   Number         0  delay.o ABSOLUTE
    ..\\C_SYSTEM\\hc\\hc.c                   0x00000000   Number         0  hc.o ABSOLUTE
    ..\\C_SYSTEM\\loudspeaker\\loudspeaker.c 0x00000000   Number         0  loudspeaker.o ABSOLUTE
    ..\\C_SYSTEM\\oled\\oled.c               0x00000000   Number         0  oled.o ABSOLUTE
    ..\\C_SYSTEM\\sys\\sys.c                 0x00000000   Number         0  sys.o ABSOLUTE
    ..\\C_SYSTEM\\usart2\\usart2.c           0x00000000   Number         0  usart2.o ABSOLUTE
    ..\\C_SYSTEM\\usart\\usart.c             0x00000000   Number         0  usart.o ABSOLUTE
    dc.s                                     0x00000000   Number         0  dc.o ABSOLUTE
    exit\\exit.c                             0x00000000   Number         0  exit.o ABSOLUTE
    exit\exit.c                              0x00000000   Number         0  exit.o ABSOLUTE
    iic\\iic.c                               0x00000000   Number         0  iic.o ABSOLUTE
    iic\iic.c                                0x00000000   Number         0  iic.o ABSOLUTE
    iptcap\\iptcap.c                         0x00000000   Number         0  iptcap.o ABSOLUTE
    iptcap\iptcap.c                          0x00000000   Number         0  iptcap.o ABSOLUTE
    key\\key.c                               0x00000000   Number         0  key.o ABSOLUTE
    key\key.c                                0x00000000   Number         0  key.o ABSOLUTE
    led\\led.c                               0x00000000   Number         0  led.o ABSOLUTE
    led\led.c                                0x00000000   Number         0  led.o ABSOLUTE
    main.c                                   0x00000000   Number         0  main.o ABSOLUTE
    main.c                                   0x00000000   Number         0  main.o ABSOLUTE
    pwm\\pwm.c                               0x00000000   Number         0  pwm.o ABSOLUTE
    pwm\pwm.c                                0x00000000   Number         0  pwm.o ABSOLUTE
    timer\\timer.c                           0x00000000   Number         0  timer.o ABSOLUTE
    timer\timer.c                            0x00000000   Number         0  timer.o ABSOLUTE
    RESET                                    0x08000000   Section      408  startup_stm32f411xe.o(RESET)
    !!!main                                  0x08000198   Section        8  __main.o(!!!main)
    !!!scatter                               0x080001a0   Section       52  __scatter.o(!!!scatter)
    !!handler_copy                           0x080001d4   Section       26  __scatter_copy.o(!!handler_copy)
    !!handler_zi                             0x080001f0   Section       28  __scatter_zi.o(!!handler_zi)
    .ARM.Collect$$libinit$$00000000          0x0800020c   Section        2  libinit.o(.ARM.Collect$$libinit$$00000000)
    .ARM.Collect$$libinit$$00000001          0x0800020e   Section        4  libinit2.o(.ARM.Collect$$libinit$$00000001)
    .ARM.Collect$$libinit$$00000004          0x08000212   Section        0  libinit2.o(.ARM.Collect$$libinit$$00000004)
    .ARM.Collect$$libinit$$0000000A          0x08000212   Section        0  libinit2.o(.ARM.Collect$$libinit$$0000000A)
    .ARM.Collect$$libinit$$0000000C          0x08000212   Section        0  libinit2.o(.ARM.Collect$$libinit$$0000000C)
    .ARM.Collect$$libinit$$0000000E          0x08000212   Section        0  libinit2.o(.ARM.Collect$$libinit$$0000000E)
    .ARM.Collect$$libinit$$00000011          0x08000212   Section        0  libinit2.o(.ARM.Collect$$libinit$$00000011)
    .ARM.Collect$$libinit$$00000013          0x08000212   Section        0  libinit2.o(.ARM.Collect$$libinit$$00000013)
    .ARM.Collect$$libinit$$00000015          0x08000212   Section        0  libinit2.o(.ARM.Collect$$libinit$$00000015)
    .ARM.Collect$$libinit$$00000017          0x08000212   Section        0  libinit2.o(.ARM.Collect$$libinit$$00000017)
    .ARM.Collect$$libinit$$00000019          0x08000212   Section        0  libinit2.o(.ARM.Collect$$libinit$$00000019)
    .ARM.Collect$$libinit$$0000001B          0x08000212   Section        0  libinit2.o(.ARM.Collect$$libinit$$0000001B)
    .ARM.Collect$$libinit$$0000001D          0x08000212   Section        0  libinit2.o(.ARM.Collect$$libinit$$0000001D)
    .ARM.Collect$$libinit$$0000001F          0x08000212   Section        0  libinit2.o(.ARM.Collect$$libinit$$0000001F)
    .ARM.Collect$$libinit$$00000021          0x08000212   Section        0  libinit2.o(.ARM.Collect$$libinit$$00000021)
    .ARM.Collect$$libinit$$00000023          0x08000212   Section        0  libinit2.o(.ARM.Collect$$libinit$$00000023)
    .ARM.Collect$$libinit$$00000025          0x08000212   Section        0  libinit2.o(.ARM.Collect$$libinit$$00000025)
    .ARM.Collect$$libinit$$0000002C          0x08000212   Section        0  libinit2.o(.ARM.Collect$$libinit$$0000002C)
    .ARM.Collect$$libinit$$0000002E          0x08000212   Section        0  libinit2.o(.ARM.Collect$$libinit$$0000002E)
    .ARM.Collect$$libinit$$00000030          0x08000212   Section        0  libinit2.o(.ARM.Collect$$libinit$$00000030)
    .ARM.Collect$$libinit$$00000032          0x08000212   Section        0  libinit2.o(.ARM.Collect$$libinit$$00000032)
    .ARM.Collect$$libinit$$00000033          0x08000212   Section        2  libinit2.o(.ARM.Collect$$libinit$$00000033)
    .ARM.Collect$$libshutdown$$00000000      0x08000214   Section        2  libshutdown.o(.ARM.Collect$$libshutdown$$00000000)
    .ARM.Collect$$libshutdown$$00000002      0x08000216   Section        0  libshutdown2.o(.ARM.Collect$$libshutdown$$00000002)
    .ARM.Collect$$libshutdown$$00000004      0x08000216   Section        0  libshutdown2.o(.ARM.Collect$$libshutdown$$00000004)
    .ARM.Collect$$libshutdown$$00000006      0x08000216   Section        0  libshutdown2.o(.ARM.Collect$$libshutdown$$00000006)
    .ARM.Collect$$libshutdown$$00000009      0x08000216   Section        0  libshutdown2.o(.ARM.Collect$$libshutdown$$00000009)
    .ARM.Collect$$libshutdown$$0000000C      0x08000216   Section        0  libshutdown2.o(.ARM.Collect$$libshutdown$$0000000C)
    .ARM.Collect$$libshutdown$$0000000E      0x08000216   Section        0  libshutdown2.o(.ARM.Collect$$libshutdown$$0000000E)
    .ARM.Collect$$libshutdown$$00000011      0x08000216   Section        0  libshutdown2.o(.ARM.Collect$$libshutdown$$00000011)
    .ARM.Collect$$libshutdown$$00000012      0x08000216   Section        2  libshutdown2.o(.ARM.Collect$$libshutdown$$00000012)
    .ARM.Collect$$rtentry$$00000000          0x08000218   Section        0  __rtentry.o(.ARM.Collect$$rtentry$$00000000)
    .ARM.Collect$$rtentry$$00000002          0x08000218   Section        0  __rtentry2.o(.ARM.Collect$$rtentry$$00000002)
    .ARM.Collect$$rtentry$$00000004          0x08000218   Section        6  __rtentry4.o(.ARM.Collect$$rtentry$$00000004)
    .ARM.Collect$$rtentry$$00000009          0x0800021e   Section        0  __rtentry2.o(.ARM.Collect$$rtentry$$00000009)
    .ARM.Collect$$rtentry$$0000000A          0x0800021e   Section        4  __rtentry2.o(.ARM.Collect$$rtentry$$0000000A)
    .ARM.Collect$$rtentry$$0000000C          0x08000222   Section        0  __rtentry2.o(.ARM.Collect$$rtentry$$0000000C)
    .ARM.Collect$$rtentry$$0000000D          0x08000222   Section        8  __rtentry2.o(.ARM.Collect$$rtentry$$0000000D)
    .ARM.Collect$$rtexit$$00000000           0x0800022a   Section        2  rtexit.o(.ARM.Collect$$rtexit$$00000000)
    .ARM.Collect$$rtexit$$00000002           0x0800022c   Section        0  rtexit2.o(.ARM.Collect$$rtexit$$00000002)
    .ARM.Collect$$rtexit$$00000003           0x0800022c   Section        4  rtexit2.o(.ARM.Collect$$rtexit$$00000003)
    .ARM.Collect$$rtexit$$00000004           0x08000230   Section        6  rtexit2.o(.ARM.Collect$$rtexit$$00000004)
    .text                                    0x08000238   Section       64  startup_stm32f411xe.o(.text)
    $v0                                      0x08000238   Number         0  startup_stm32f411xe.o(.text)
    .text                                    0x08000278   Section        0  heapauxi.o(.text)
    .text                                    0x08000280   Section        8  libspace.o(.text)
    .text                                    0x08000288   Section       74  sys_stackheap_outer.o(.text)
    .text                                    0x080002d2   Section        0  exit.o(.text)
    .text                                    0x080002e4   Section        2  use_no_semi.o(.text)
    .text                                    0x080002e6   Section        0  indicate_semi.o(.text)
    .text                                    0x080002e8   Section        0  sys_exit.o(.text)
    i.BusFault_Handler                       0x080002f4   Section        0  stm32f4xx_it.o(i.BusFault_Handler)
    i.DebugMon_Handler                       0x080002f8   Section        0  stm32f4xx_it.o(i.DebugMon_Handler)
    i.Distance_Calculate                     0x080002fc   Section        0  hc.o(i.Distance_Calculate)
    i.EXTI15_10_IRQHandler                   0x08000328   Section        0  exit.o(i.EXTI15_10_IRQHandler)
    i.GPIO_Init                              0x08000348   Section        0  stm32f4xx_gpio.o(i.GPIO_Init)
    i.GPIO_PinAFConfig                       0x080003d8   Section        0  stm32f4xx_gpio.o(i.GPIO_PinAFConfig)
    i.GPIO_ReadInputDataBit                  0x0800041e   Section        0  stm32f4xx_gpio.o(i.GPIO_ReadInputDataBit)
    i.GPIO_ResetBits                         0x08000430   Section        0  stm32f4xx_gpio.o(i.GPIO_ResetBits)
    i.GPIO_SetBits                           0x08000434   Section        0  stm32f4xx_gpio.o(i.GPIO_SetBits)
    i.HC_Config                              0x08000438   Section        0  hc.o(i.HC_Config)
    i.HardFault_Handler                      0x08000480   Section        0  stm32f4xx_it.o(i.HardFault_Handler)
    i.KEY_Init                               0x08000484   Section        0  key.o(i.KEY_Init)
    i.KEY_Scan                               0x080004b0   Section        0  key.o(i.KEY_Scan)
    i.LED_Init                               0x0800050c   Section        0  led.o(i.LED_Init)
    i.MemManage_Handler                      0x0800054c   Section        0  stm32f4xx_it.o(i.MemManage_Handler)
    i.NMI_Handler                            0x08000550   Section        0  stm32f4xx_it.o(i.NMI_Handler)
    i.NVIC_Init                              0x08000554   Section        0  misc.o(i.NVIC_Init)
    i.NVIC_PriorityGroupConfig               0x080005cc   Section        0  misc.o(i.NVIC_PriorityGroupConfig)
    i.OledCls                                0x080005e0   Section        0  oled.o(i.OledCls)
    i.OledFill                               0x08000620   Section        0  oled.o(i.OledFill)
    i.OledInit                               0x08000664   Section        0  oled.o(i.OledInit)
    i.OledPinInit                            0x08000700   Section        0  oled.o(i.OledPinInit)
    i.OledPrintValueI                        0x0800073c   Section        0  oled.o(i.OledPrintValueI)
    i.OledSetPos                             0x08000814   Section        0  oled.o(i.OledSetPos)
    i.OledShow6x8Char                        0x08000840   Section        0  oled.o(i.OledShow6x8Char)
    i.OledShow6x8Str                         0x08000890   Section        0  oled.o(i.OledShow6x8Str)
    i.OledWrByte                             0x080008f8   Section        0  oled.o(i.OledWrByte)
    i.PendSV_Handler                         0x0800095c   Section        0  stm32f4xx_it.o(i.PendSV_Handler)
    i.RCC_AHB1PeriphClockCmd                 0x08000960   Section        0  stm32f4xx_rcc.o(i.RCC_AHB1PeriphClockCmd)
    i.RCC_APB1PeriphClockCmd                 0x08000980   Section        0  stm32f4xx_rcc.o(i.RCC_APB1PeriphClockCmd)
    i.RCC_APB2PeriphClockCmd                 0x080009a0   Section        0  stm32f4xx_rcc.o(i.RCC_APB2PeriphClockCmd)
    i.RCC_GetClocksFreq                      0x080009c0   Section        0  stm32f4xx_rcc.o(i.RCC_GetClocksFreq)
    i.SVC_Handler                            0x08000aa8   Section        0  stm32f4xx_it.o(i.SVC_Handler)
    i.SetAddressingMode                      0x08000aaa   Section        0  oled.o(i.SetAddressingMode)
    i.SetChargePump                          0x08000ac0   Section        0  oled.o(i.SetChargePump)
    i.SetCommonConfig                        0x08000ad8   Section        0  oled.o(i.SetCommonConfig)
    i.SetCommonRemap                         0x08000af0   Section        0  oled.o(i.SetCommonRemap)
    i.SetContrastControl                     0x08000b00   Section        0  oled.o(i.SetContrastControl)
    i.SetDisplayClock                        0x08000b16   Section        0  oled.o(i.SetDisplayClock)
    i.SetDisplayOffset                       0x08000b2c   Section        0  oled.o(i.SetDisplayOffset)
    i.SetDisplayOnOff                        0x08000b42   Section        0  oled.o(i.SetDisplayOnOff)
    i.SetEntireDisplay                       0x08000b52   Section        0  oled.o(i.SetEntireDisplay)
    i.SetInverseDisplay                      0x08000b62   Section        0  oled.o(i.SetInverseDisplay)
    i.SetMultiplexRatio                      0x08000b72   Section        0  oled.o(i.SetMultiplexRatio)
    i.SetPrechargePeriod                     0x08000b88   Section        0  oled.o(i.SetPrechargePeriod)
    i.SetSegmentRemap                        0x08000b9e   Section        0  oled.o(i.SetSegmentRemap)
    i.SetStartLine                           0x08000bae   Section        0  oled.o(i.SetStartLine)
    i.SetSysClock                            0x08000bc0   Section        0  system_stm32f4xx.o(i.SetSysClock)
    SetSysClock                              0x08000bc1   Thumb Code   142  system_stm32f4xx.o(i.SetSysClock)
    i.SetVcomh                               0x08000c60   Section        0  oled.o(i.SetVcomh)
    i.SysTick_CLKSourceConfig                0x08000c76   Section        0  misc.o(i.SysTick_CLKSourceConfig)
    i.SysTick_Handler                        0x08000c9e   Section        0  stm32f4xx_it.o(i.SysTick_Handler)
    i.SystemInit                             0x08000ca0   Section        0  system_stm32f4xx.o(i.SystemInit)
    i.TIM1_CC_IRQHandler                     0x08000d08   Section        0  iptcap.o(i.TIM1_CC_IRQHandler)
    i.TIM1_UP_TIM10_IRQHandler               0x08000ffc   Section        0  iptcap.o(i.TIM1_UP_TIM10_IRQHandler)
    i.TIM3_IRQHandler                        0x08001050   Section        0  timer.o(i.TIM3_IRQHandler)
    i.TIM4_IRQHandler                        0x08001098   Section        0  timer.o(i.TIM4_IRQHandler)
    i.TIM4_Init                              0x080011fc   Section        0  timer.o(i.TIM4_Init)
    i.TIM5_IRQHandler                        0x08001258   Section        0  timer.o(i.TIM5_IRQHandler)
    i.TIM_ClearFlag                          0x0800127c   Section        0  stm32f4xx_tim.o(i.TIM_ClearFlag)
    i.TIM_ClearITPendingBit                  0x08001282   Section        0  stm32f4xx_tim.o(i.TIM_ClearITPendingBit)
    i.TIM_Cmd                                0x08001288   Section        0  stm32f4xx_tim.o(i.TIM_Cmd)
    i.TIM_GetCapture1                        0x080012a0   Section        0  stm32f4xx_tim.o(i.TIM_GetCapture1)
    i.TIM_GetCapture2                        0x080012a6   Section        0  stm32f4xx_tim.o(i.TIM_GetCapture2)
    i.TIM_GetCapture3                        0x080012ac   Section        0  stm32f4xx_tim.o(i.TIM_GetCapture3)
    i.TIM_GetCapture4                        0x080012b2   Section        0  stm32f4xx_tim.o(i.TIM_GetCapture4)
    i.TIM_GetITStatus                        0x080012b8   Section        0  stm32f4xx_tim.o(i.TIM_GetITStatus)
    i.TIM_ITConfig                           0x080012da   Section        0  stm32f4xx_tim.o(i.TIM_ITConfig)
    i.TIM_OC1PolarityConfig                  0x080012ec   Section        0  stm32f4xx_tim.o(i.TIM_OC1PolarityConfig)
    i.TIM_OC2PolarityConfig                  0x080012fe   Section        0  stm32f4xx_tim.o(i.TIM_OC2PolarityConfig)
    i.TIM_OC3PolarityConfig                  0x08001318   Section        0  stm32f4xx_tim.o(i.TIM_OC3PolarityConfig)
    i.TIM_OC4PolarityConfig                  0x08001332   Section        0  stm32f4xx_tim.o(i.TIM_OC4PolarityConfig)
    i.TIM_TimeBaseInit                       0x0800134c   Section        0  stm32f4xx_tim.o(i.TIM_TimeBaseInit)
    i.Timer3_Config                          0x080013d0   Section        0  hc.o(i.Timer3_Config)
    i.USART1_IRQHandler                      0x08001408   Section        0  usart.o(i.USART1_IRQHandler)
    i.USART2_IRQHandler                      0x08001490   Section        0  usart2.o(i.USART2_IRQHandler)
    i.USART_Cmd                              0x08001518   Section        0  stm32f4xx_usart.o(i.USART_Cmd)
    i.USART_GetITStatus                      0x08001530   Section        0  stm32f4xx_usart.o(i.USART_GetITStatus)
    i.USART_ITConfig                         0x08001584   Section        0  stm32f4xx_usart.o(i.USART_ITConfig)
    i.USART_Init                             0x080015d0   Section        0  stm32f4xx_usart.o(i.USART_Init)
    i.USART_ReceiveData                      0x080016a4   Section        0  stm32f4xx_usart.o(i.USART_ReceiveData)
    i.USART_SendData                         0x080016ae   Section        0  stm32f4xx_usart.o(i.USART_SendData)
    i.UsageFault_Handler                     0x080016b6   Section        0  stm32f4xx_it.o(i.UsageFault_Handler)
    i.delay_init                             0x080016bc   Section        0  delay.o(i.delay_init)
    i.delay_ms                               0x080016f8   Section        0  delay.o(i.delay_ms)
    i.delay_us                               0x08001744   Section        0  delay.o(i.delay_us)
    i.distance_measure                       0x08001790   Section        0  hc.o(i.distance_measure)
    i.loudspeaker_Config                     0x0800181c   Section        0  loudspeaker.o(i.loudspeaker_Config)
    i.main                                   0x0800184c   Section        0  main.o(i.main)
    i.usart1_init                            0x08001994   Section        0  usart.o(i.usart1_init)
    x$fpl$fpinit                             0x08001a40   Section       10  fpinit.o(x$fpl$fpinit)
    $v0                                      0x08001a40   Number         0  fpinit.o(x$fpl$fpinit)
    .constdata                               0x08001a4a   Section     2072  oled.o(.constdata)
    .data                                    0x20000000   Section       16  stm32f4xx_rcc.o(.data)
    APBAHBPrescTable                         0x20000000   Data          16  stm32f4xx_rcc.o(.data)
    .data                                    0x20000010   Section        4  delay.o(.data)
    fac_us                                   0x20000010   Data           1  delay.o(.data)
    fac_ms                                   0x20000012   Data           2  delay.o(.data)
    .data                                    0x20000014   Section        2  usart.o(.data)
    .data                                    0x20000016   Section        4  usart2.o(.data)
    .data                                    0x2000001c   Section        8  hc.o(.data)
    .data                                    0x20000024   Section       36  main.o(.data)
    .data                                    0x20000048   Section        1  key.o(.data)
    key_free                                 0x20000048   Data           1  key.o(.data)
    .data                                    0x2000004c   Section       70  iptcap.o(.data)
    TIM1CH1_CAPTURE_STA1                     0x20000050   Data           4  iptcap.o(.data)
    TIM1CH1_CAPTURE_VAL1                     0x20000054   Data           2  iptcap.o(.data)
    TIM1CH1_CAPTURE_STA2                     0x20000058   Data           4  iptcap.o(.data)
    TIM1CH1_CAPTURE_VAL2                     0x2000005c   Data           2  iptcap.o(.data)
    TIM1CH2_CAPTURE_STA1                     0x20000060   Data           4  iptcap.o(.data)
    TIM1CH2_CAPTURE_VAL1                     0x20000064   Data           2  iptcap.o(.data)
    TIM1CH2_CAPTURE_STA2                     0x20000068   Data           4  iptcap.o(.data)
    TIM1CH2_CAPTURE_VAL2                     0x2000006c   Data           2  iptcap.o(.data)
    TIM1CH3_CAPTURE_STA1                     0x20000070   Data           4  iptcap.o(.data)
    TIM1CH3_CAPTURE_VAL1                     0x20000074   Data           2  iptcap.o(.data)
    TIM1CH3_CAPTURE_STA2                     0x20000078   Data           4  iptcap.o(.data)
    TIM1CH3_CAPTURE_VAL2                     0x2000007c   Data           2  iptcap.o(.data)
    TIM1CH4_CAPTURE_STA1                     0x20000080   Data           4  iptcap.o(.data)
    TIM1CH4_CAPTURE_VAL1                     0x20000084   Data           2  iptcap.o(.data)
    TIM1CH4_CAPTURE_STA2                     0x20000088   Data           4  iptcap.o(.data)
    TIM1CH4_CAPTURE_VAL2                     0x2000008c   Data           2  iptcap.o(.data)
    TimCapFlag1                              0x2000008e   Data           1  iptcap.o(.data)
    TimCapFlag2                              0x2000008f   Data           1  iptcap.o(.data)
    TimCapFlag3                              0x20000090   Data           1  iptcap.o(.data)
    TimCapFlag4                              0x20000091   Data           1  iptcap.o(.data)
    .data                                    0x20000092   Section        4  timer.o(.data)
    readyflag                                0x20000093   Data           1  timer.o(.data)
    warningflag                              0x20000094   Data           1  timer.o(.data)
    backflag                                 0x20000095   Data           1  timer.o(.data)
    .bss                                     0x20000098   Section      200  usart.o(.bss)
    .bss                                     0x20000160   Section      200  usart2.o(.bss)
    .bss                                     0x20000228   Section       96  libspace.o(.bss)
    HEAP                                     0x20000288   Section      512  startup_stm32f411xe.o(HEAP)
    Heap_Mem                                 0x20000288   Data         512  startup_stm32f411xe.o(HEAP)
    STACK                                    0x20000488   Section     1024  startup_stm32f411xe.o(STACK)
    Stack_Mem                                0x20000488   Data        1024  startup_stm32f411xe.o(STACK)
    __initial_sp                             0x20000888   Data           0  startup_stm32f411xe.o(STACK)

    Global Symbols

    Symbol Name                              Value     Ov Type        Size  Object(Section)

    BuildAttributes$$THM_ISAv4$E$P$D$K$B$S$7EM$VFPi3$EXTD16$VFPS$VFMA$PE$A:L22UL41UL21$X:L11$S22US41US21$IEEE1$IW$USESV6$~STKCKD$USESV7$~SHL$OTIME$ROPI$IEEEJ$EBA8$UX$STANDARDLIB$REQ8$PRES8$EABIv2 0x00000000   Number         0  anon$$obj.o ABSOLUTE
    __ARM_use_no_argv                        0x00000000   Number         0  main.o ABSOLUTE
    _printf_flags                            0x00000000   Number         0  printf_stubs.o ABSOLUTE
    _printf_return_value                     0x00000000   Number         0  printf_stubs.o ABSOLUTE
    _printf_sizespec                         0x00000000   Number         0  printf_stubs.o ABSOLUTE
    _printf_widthprec                        0x00000000   Number         0  printf_stubs.o ABSOLUTE
    __ARM_exceptions_init                     - Undefined Weak Reference
    __alloca_initialize                       - Undefined Weak Reference
    __arm_fini_                               - Undefined Weak Reference
    __arm_preinit_                            - Undefined Weak Reference
    __cpp_initialize__aeabi_                  - Undefined Weak Reference
    __cxa_finalize                            - Undefined Weak Reference
    __sigvec_lookup                           - Undefined Weak Reference
    __user_heap_extent                        - Undefined Weak Reference
    _atexit_init                              - Undefined Weak Reference
    _call_atexit_fns                          - Undefined Weak Reference
    _clock_init                               - Undefined Weak Reference
    _fp_trap_init                             - Undefined Weak Reference
    _fp_trap_shutdown                         - Undefined Weak Reference
    _get_lc_collate                           - Undefined Weak Reference
    _get_lc_ctype                             - Undefined Weak Reference
    _get_lc_monetary                          - Undefined Weak Reference
    _get_lc_time                              - Undefined Weak Reference
    _getenv_init                              - Undefined Weak Reference
    _handle_redirection                       - Undefined Weak Reference
    _mutex_acquire                            - Undefined Weak Reference
    _mutex_free                               - Undefined Weak Reference
    _mutex_release                            - Undefined Weak Reference
    _printf_truncate_signed                   - Undefined Weak Reference
    _printf_truncate_unsigned                 - Undefined Weak Reference
    _rand_init                                - Undefined Weak Reference
    _signal_finish                            - Undefined Weak Reference
    _signal_init                              - Undefined Weak Reference
    __Vectors_Size                           0x00000198   Number         0  startup_stm32f411xe.o ABSOLUTE
    __Vectors                                0x08000000   Data           4  startup_stm32f411xe.o(RESET)
    __Vectors_End                            0x08000198   Data           0  startup_stm32f411xe.o(RESET)
    __main                                   0x08000199   Thumb Code     8  __main.o(!!!main)
    __scatterload                            0x080001a1   Thumb Code     0  __scatter.o(!!!scatter)
    __scatterload_rt2                        0x080001a1   Thumb Code    44  __scatter.o(!!!scatter)
    __scatterload_rt2_thumb_only             0x080001a1   Thumb Code     0  __scatter.o(!!!scatter)
    __scatterload_null                       0x080001af   Thumb Code     0  __scatter.o(!!!scatter)
    __scatterload_copy                       0x080001d5   Thumb Code    26  __scatter_copy.o(!!handler_copy)
    __scatterload_zeroinit                   0x080001f1   Thumb Code    28  __scatter_zi.o(!!handler_zi)
    __rt_lib_init                            0x0800020d   Thumb Code     0  libinit.o(.ARM.Collect$$libinit$$00000000)
    __rt_lib_init_fp_1                       0x0800020f   Thumb Code     0  libinit2.o(.ARM.Collect$$libinit$$00000001)
    __rt_lib_init_alloca_1                   0x08000213   Thumb Code     0  libinit2.o(.ARM.Collect$$libinit$$0000002E)
    __rt_lib_init_argv_1                     0x08000213   Thumb Code     0  libinit2.o(.ARM.Collect$$libinit$$0000002C)
    __rt_lib_init_atexit_1                   0x08000213   Thumb Code     0  libinit2.o(.ARM.Collect$$libinit$$0000001B)
    __rt_lib_init_clock_1                    0x08000213   Thumb Code     0  libinit2.o(.ARM.Collect$$libinit$$00000021)
    __rt_lib_init_cpp_1                      0x08000213   Thumb Code     0  libinit2.o(.ARM.Collect$$libinit$$00000032)
    __rt_lib_init_exceptions_1               0x08000213   Thumb Code     0  libinit2.o(.ARM.Collect$$libinit$$00000030)
    __rt_lib_init_fp_trap_1                  0x08000213   Thumb Code     0  libinit2.o(.ARM.Collect$$libinit$$0000001F)
    __rt_lib_init_getenv_1                   0x08000213   Thumb Code     0  libinit2.o(.ARM.Collect$$libinit$$00000023)
    __rt_lib_init_heap_1                     0x08000213   Thumb Code     0  libinit2.o(.ARM.Collect$$libinit$$0000000A)
    __rt_lib_init_lc_collate_1               0x08000213   Thumb Code     0  libinit2.o(.ARM.Collect$$libinit$$00000011)
    __rt_lib_init_lc_ctype_1                 0x08000213   Thumb Code     0  libinit2.o(.ARM.Collect$$libinit$$00000013)
    __rt_lib_init_lc_monetary_1              0x08000213   Thumb Code     0  libinit2.o(.ARM.Collect$$libinit$$00000015)
    __rt_lib_init_lc_numeric_1               0x08000213   Thumb Code     0  libinit2.o(.ARM.Collect$$libinit$$00000017)
    __rt_lib_init_lc_time_1                  0x08000213   Thumb Code     0  libinit2.o(.ARM.Collect$$libinit$$00000019)
    __rt_lib_init_preinit_1                  0x08000213   Thumb Code     0  libinit2.o(.ARM.Collect$$libinit$$00000004)
    __rt_lib_init_rand_1                     0x08000213   Thumb Code     0  libinit2.o(.ARM.Collect$$libinit$$0000000E)
    __rt_lib_init_return                     0x08000213   Thumb Code     0  libinit2.o(.ARM.Collect$$libinit$$00000033)
    __rt_lib_init_signal_1                   0x08000213   Thumb Code     0  libinit2.o(.ARM.Collect$$libinit$$0000001D)
    __rt_lib_init_stdio_1                    0x08000213   Thumb Code     0  libinit2.o(.ARM.Collect$$libinit$$00000025)
    __rt_lib_init_user_alloc_1               0x08000213   Thumb Code     0  libinit2.o(.ARM.Collect$$libinit$$0000000C)
    __rt_lib_shutdown                        0x08000215   Thumb Code     0  libshutdown.o(.ARM.Collect$$libshutdown$$00000000)
    __rt_lib_shutdown_cpp_1                  0x08000217   Thumb Code     0  libshutdown2.o(.ARM.Collect$$libshutdown$$00000004)
    __rt_lib_shutdown_fini_1                 0x08000217   Thumb Code     0  libshutdown2.o(.ARM.Collect$$libshutdown$$00000002)
    __rt_lib_shutdown_fp_trap_1              0x08000217   Thumb Code     0  libshutdown2.o(.ARM.Collect$$libshutdown$$00000009)
    __rt_lib_shutdown_heap_1                 0x08000217   Thumb Code     0  libshutdown2.o(.ARM.Collect$$libshutdown$$00000011)
    __rt_lib_shutdown_return                 0x08000217   Thumb Code     0  libshutdown2.o(.ARM.Collect$$libshutdown$$00000012)
    __rt_lib_shutdown_signal_1               0x08000217   Thumb Code     0  libshutdown2.o(.ARM.Collect$$libshutdown$$0000000C)
    __rt_lib_shutdown_stdio_1                0x08000217   Thumb Code     0  libshutdown2.o(.ARM.Collect$$libshutdown$$00000006)
    __rt_lib_shutdown_user_alloc_1           0x08000217   Thumb Code     0  libshutdown2.o(.ARM.Collect$$libshutdown$$0000000E)
    __rt_entry                               0x08000219   Thumb Code     0  __rtentry.o(.ARM.Collect$$rtentry$$00000000)
    __rt_entry_presh_1                       0x08000219   Thumb Code     0  __rtentry2.o(.ARM.Collect$$rtentry$$00000002)
    __rt_entry_sh                            0x08000219   Thumb Code     0  __rtentry4.o(.ARM.Collect$$rtentry$$00000004)
    __rt_entry_li                            0x0800021f   Thumb Code     0  __rtentry2.o(.ARM.Collect$$rtentry$$0000000A)
    __rt_entry_postsh_1                      0x0800021f   Thumb Code     0  __rtentry2.o(.ARM.Collect$$rtentry$$00000009)
    __rt_entry_main                          0x08000223   Thumb Code     0  __rtentry2.o(.ARM.Collect$$rtentry$$0000000D)
    __rt_entry_postli_1                      0x08000223   Thumb Code     0  __rtentry2.o(.ARM.Collect$$rtentry$$0000000C)
    __rt_exit                                0x0800022b   Thumb Code     0  rtexit.o(.ARM.Collect$$rtexit$$00000000)
    __rt_exit_ls                             0x0800022d   Thumb Code     0  rtexit2.o(.ARM.Collect$$rtexit$$00000003)
    __rt_exit_prels_1                        0x0800022d   Thumb Code     0  rtexit2.o(.ARM.Collect$$rtexit$$00000002)
    __rt_exit_exit                           0x08000231   Thumb Code     0  rtexit2.o(.ARM.Collect$$rtexit$$00000004)
    Reset_Handler                            0x08000239   Thumb Code     8  startup_stm32f411xe.o(.text)
    ADC_IRQHandler                           0x08000253   Thumb Code     0  startup_stm32f411xe.o(.text)
    DMA1_Stream0_IRQHandler                  0x08000253   Thumb Code     0  startup_stm32f411xe.o(.text)
    DMA1_Stream1_IRQHandler                  0x08000253   Thumb Code     0  startup_stm32f411xe.o(.text)
    DMA1_Stream2_IRQHandler                  0x08000253   Thumb Code     0  startup_stm32f411xe.o(.text)
    DMA1_Stream3_IRQHandler                  0x08000253   Thumb Code     0  startup_stm32f411xe.o(.text)
    DMA1_Stream4_IRQHandler                  0x08000253   Thumb Code     0  startup_stm32f411xe.o(.text)
    DMA1_Stream5_IRQHandler                  0x08000253   Thumb Code     0  startup_stm32f411xe.o(.text)
    DMA1_Stream6_IRQHandler                  0x08000253   Thumb Code     0  startup_stm32f411xe.o(.text)
    DMA1_Stream7_IRQHandler                  0x08000253   Thumb Code     0  startup_stm32f411xe.o(.text)
    DMA2_Stream0_IRQHandler                  0x08000253   Thumb Code     0  startup_stm32f411xe.o(.text)
    DMA2_Stream1_IRQHandler                  0x08000253   Thumb Code     0  startup_stm32f411xe.o(.text)
    DMA2_Stream2_IRQHandler                  0x08000253   Thumb Code     0  startup_stm32f411xe.o(.text)
    DMA2_Stream3_IRQHandler                  0x08000253   Thumb Code     0  startup_stm32f411xe.o(.text)
    DMA2_Stream4_IRQHandler                  0x08000253   Thumb Code     0  startup_stm32f411xe.o(.text)
    DMA2_Stream5_IRQHandler                  0x08000253   Thumb Code     0  startup_stm32f411xe.o(.text)
    DMA2_Stream6_IRQHandler                  0x08000253   Thumb Code     0  startup_stm32f411xe.o(.text)
    DMA2_Stream7_IRQHandler                  0x08000253   Thumb Code     0  startup_stm32f411xe.o(.text)
    EXTI0_IRQHandler                         0x08000253   Thumb Code     0  startup_stm32f411xe.o(.text)
    EXTI1_IRQHandler                         0x08000253   Thumb Code     0  startup_stm32f411xe.o(.text)
    EXTI2_IRQHandler                         0x08000253   Thumb Code     0  startup_stm32f411xe.o(.text)
    EXTI3_IRQHandler                         0x08000253   Thumb Code     0  startup_stm32f411xe.o(.text)
    EXTI4_IRQHandler                         0x08000253   Thumb Code     0  startup_stm32f411xe.o(.text)
    EXTI9_5_IRQHandler                       0x08000253   Thumb Code     0  startup_stm32f411xe.o(.text)
    FLASH_IRQHandler                         0x08000253   Thumb Code     0  startup_stm32f411xe.o(.text)
    FPU_IRQHandler                           0x08000253   Thumb Code     0  startup_stm32f411xe.o(.text)
    I2C1_ER_IRQHandler                       0x08000253   Thumb Code     0  startup_stm32f411xe.o(.text)
    I2C1_EV_IRQHandler                       0x08000253   Thumb Code     0  startup_stm32f411xe.o(.text)
    I2C2_ER_IRQHandler                       0x08000253   Thumb Code     0  startup_stm32f411xe.o(.text)
    I2C2_EV_IRQHandler                       0x08000253   Thumb Code     0  startup_stm32f411xe.o(.text)
    I2C3_ER_IRQHandler                       0x08000253   Thumb Code     0  startup_stm32f411xe.o(.text)
    I2C3_EV_IRQHandler                       0x08000253   Thumb Code     0  startup_stm32f411xe.o(.text)
    OTG_FS_IRQHandler                        0x08000253   Thumb Code     0  startup_stm32f411xe.o(.text)
    OTG_FS_WKUP_IRQHandler                   0x08000253   Thumb Code     0  startup_stm32f411xe.o(.text)
    PVD_IRQHandler                           0x08000253   Thumb Code     0  startup_stm32f411xe.o(.text)
    RCC_IRQHandler                           0x08000253   Thumb Code     0  startup_stm32f411xe.o(.text)
    RTC_Alarm_IRQHandler                     0x08000253   Thumb Code     0  startup_stm32f411xe.o(.text)
    RTC_WKUP_IRQHandler                      0x08000253   Thumb Code     0  startup_stm32f411xe.o(.text)
    SDIO_IRQHandler                          0x08000253   Thumb Code     0  startup_stm32f411xe.o(.text)
    SPI1_IRQHandler                          0x08000253   Thumb Code     0  startup_stm32f411xe.o(.text)
    SPI2_IRQHandler                          0x08000253   Thumb Code     0  startup_stm32f411xe.o(.text)
    SPI3_IRQHandler                          0x08000253   Thumb Code     0  startup_stm32f411xe.o(.text)
    SPI4_IRQHandler                          0x08000253   Thumb Code     0  startup_stm32f411xe.o(.text)
    SPI5_IRQHandler                          0x08000253   Thumb Code     0  startup_stm32f411xe.o(.text)
    TAMP_STAMP_IRQHandler                    0x08000253   Thumb Code     0  startup_stm32f411xe.o(.text)
    TIM1_BRK_TIM9_IRQHandler                 0x08000253   Thumb Code     0  startup_stm32f411xe.o(.text)
    TIM1_TRG_COM_TIM11_IRQHandler            0x08000253   Thumb Code     0  startup_stm32f411xe.o(.text)
    TIM2_IRQHandler                          0x08000253   Thumb Code     0  startup_stm32f411xe.o(.text)
    USART6_IRQHandler                        0x08000253   Thumb Code     0  startup_stm32f411xe.o(.text)
    WWDG_IRQHandler                          0x08000253   Thumb Code     0  startup_stm32f411xe.o(.text)
    __user_initial_stackheap                 0x08000255   Thumb Code     0  startup_stm32f411xe.o(.text)
    __use_two_region_memory                  0x08000279   Thumb Code     2  heapauxi.o(.text)
    __rt_heap_escrow                         0x0800027b   Thumb Code     2  heapauxi.o(.text)
    __rt_heap_expand                         0x0800027d   Thumb Code     2  heapauxi.o(.text)
    __user_libspace                          0x08000281   Thumb Code     8  libspace.o(.text)
    __user_perproc_libspace                  0x08000281   Thumb Code     0  libspace.o(.text)
    __user_perthread_libspace                0x08000281   Thumb Code     0  libspace.o(.text)
    __user_setup_stackheap                   0x08000289   Thumb Code    74  sys_stackheap_outer.o(.text)
    exit                                     0x080002d3   Thumb Code    18  exit.o(.text)
    __I$use$semihosting                      0x080002e5   Thumb Code     0  use_no_semi.o(.text)
    __use_no_semihosting_swi                 0x080002e5   Thumb Code     2  use_no_semi.o(.text)
    __semihosting_library_function           0x080002e7   Thumb Code     0  indicate_semi.o(.text)
    _sys_exit                                0x080002e9   Thumb Code     8  sys_exit.o(.text)
    BusFault_Handler                         0x080002f5   Thumb Code     4  stm32f4xx_it.o(i.BusFault_Handler)
    DebugMon_Handler                         0x080002f9   Thumb Code     2  stm32f4xx_it.o(i.DebugMon_Handler)
    Distance_Calculate                       0x080002fd   Thumb Code    32  hc.o(i.Distance_Calculate)
    EXTI15_10_IRQHandler                     0x08000329   Thumb Code    24  exit.o(i.EXTI15_10_IRQHandler)
    GPIO_Init                                0x08000349   Thumb Code   144  stm32f4xx_gpio.o(i.GPIO_Init)
    GPIO_PinAFConfig                         0x080003d9   Thumb Code    70  stm32f4xx_gpio.o(i.GPIO_PinAFConfig)
    GPIO_ReadInputDataBit                    0x0800041f   Thumb Code    18  stm32f4xx_gpio.o(i.GPIO_ReadInputDataBit)
    GPIO_ResetBits                           0x08000431   Thumb Code     4  stm32f4xx_gpio.o(i.GPIO_ResetBits)
    GPIO_SetBits                             0x08000435   Thumb Code     4  stm32f4xx_gpio.o(i.GPIO_SetBits)
    HC_Config                                0x08000439   Thumb Code    68  hc.o(i.HC_Config)
    HardFault_Handler                        0x08000481   Thumb Code     4  stm32f4xx_it.o(i.HardFault_Handler)
    KEY_Init                                 0x08000485   Thumb Code    38  key.o(i.KEY_Init)
    KEY_Scan                                 0x080004b1   Thumb Code    82  key.o(i.KEY_Scan)
    LED_Init                                 0x0800050d   Thumb Code    54  led.o(i.LED_Init)
    MemManage_Handler                        0x0800054d   Thumb Code     4  stm32f4xx_it.o(i.MemManage_Handler)
    NMI_Handler                              0x08000551   Thumb Code     2  stm32f4xx_it.o(i.NMI_Handler)
    NVIC_Init                                0x08000555   Thumb Code   106  misc.o(i.NVIC_Init)
    NVIC_PriorityGroupConfig                 0x080005cd   Thumb Code    10  misc.o(i.NVIC_PriorityGroupConfig)
    OledCls                                  0x080005e1   Thumb Code    64  oled.o(i.OledCls)
    OledFill                                 0x08000621   Thumb Code    66  oled.o(i.OledFill)
    OledInit                                 0x08000665   Thumb Code   150  oled.o(i.OledInit)
    OledPinInit                              0x08000701   Thumb Code    54  oled.o(i.OledPinInit)
    OledPrintValueI                          0x0800073d   Thumb Code   216  oled.o(i.OledPrintValueI)
    OledSetPos                               0x08000815   Thumb Code    42  oled.o(i.OledSetPos)
    OledShow6x8Char                          0x08000841   Thumb Code    76  oled.o(i.OledShow6x8Char)
    OledShow6x8Str                           0x08000891   Thumb Code    98  oled.o(i.OledShow6x8Str)
    OledWrByte                               0x080008f9   Thumb Code    96  oled.o(i.OledWrByte)
    PendSV_Handler                           0x0800095d   Thumb Code     2  stm32f4xx_it.o(i.PendSV_Handler)
    RCC_AHB1PeriphClockCmd                   0x08000961   Thumb Code    26  stm32f4xx_rcc.o(i.RCC_AHB1PeriphClockCmd)
    RCC_APB1PeriphClockCmd                   0x08000981   Thumb Code    26  stm32f4xx_rcc.o(i.RCC_APB1PeriphClockCmd)
    RCC_APB2PeriphClockCmd                   0x080009a1   Thumb Code    26  stm32f4xx_rcc.o(i.RCC_APB2PeriphClockCmd)
    RCC_GetClocksFreq                        0x080009c1   Thumb Code   214  stm32f4xx_rcc.o(i.RCC_GetClocksFreq)
    SVC_Handler                              0x08000aa9   Thumb Code     2  stm32f4xx_it.o(i.SVC_Handler)
    SetAddressingMode                        0x08000aab   Thumb Code    22  oled.o(i.SetAddressingMode)
    SetChargePump                            0x08000ac1   Thumb Code    24  oled.o(i.SetChargePump)
    SetCommonConfig                          0x08000ad9   Thumb Code    24  oled.o(i.SetCommonConfig)
    SetCommonRemap                           0x08000af1   Thumb Code    16  oled.o(i.SetCommonRemap)
    SetContrastControl                       0x08000b01   Thumb Code    22  oled.o(i.SetContrastControl)
    SetDisplayClock                          0x08000b17   Thumb Code    22  oled.o(i.SetDisplayClock)
    SetDisplayOffset                         0x08000b2d   Thumb Code    22  oled.o(i.SetDisplayOffset)
    SetDisplayOnOff                          0x08000b43   Thumb Code    16  oled.o(i.SetDisplayOnOff)
    SetEntireDisplay                         0x08000b53   Thumb Code    16  oled.o(i.SetEntireDisplay)
    SetInverseDisplay                        0x08000b63   Thumb Code    16  oled.o(i.SetInverseDisplay)
    SetMultiplexRatio                        0x08000b73   Thumb Code    22  oled.o(i.SetMultiplexRatio)
    SetPrechargePeriod                       0x08000b89   Thumb Code    22  oled.o(i.SetPrechargePeriod)
    SetSegmentRemap                          0x08000b9f   Thumb Code    16  oled.o(i.SetSegmentRemap)
    SetStartLine                             0x08000baf   Thumb Code    16  oled.o(i.SetStartLine)
    SetVcomh                                 0x08000c61   Thumb Code    22  oled.o(i.SetVcomh)
    SysTick_CLKSourceConfig                  0x08000c77   Thumb Code    40  misc.o(i.SysTick_CLKSourceConfig)
    SysTick_Handler                          0x08000c9f   Thumb Code     2  stm32f4xx_it.o(i.SysTick_Handler)
    SystemInit                               0x08000ca1   Thumb Code    88  system_stm32f4xx.o(i.SystemInit)
    TIM1_CC_IRQHandler                       0x08000d09   Thumb Code   640  iptcap.o(i.TIM1_CC_IRQHandler)
    TIM1_UP_TIM10_IRQHandler                 0x08000ffd   Thumb Code    62  iptcap.o(i.TIM1_UP_TIM10_IRQHandler)
    TIM3_IRQHandler                          0x08001051   Thumb Code    54  timer.o(i.TIM3_IRQHandler)
    TIM4_IRQHandler                          0x08001099   Thumb Code   322  timer.o(i.TIM4_IRQHandler)
    TIM4_Init                                0x080011fd   Thumb Code    86  timer.o(i.TIM4_Init)
    TIM5_IRQHandler                          0x08001259   Thumb Code    32  timer.o(i.TIM5_IRQHandler)
    TIM_ClearFlag                            0x0800127d   Thumb Code     6  stm32f4xx_tim.o(i.TIM_ClearFlag)
    TIM_ClearITPendingBit                    0x08001283   Thumb Code     6  stm32f4xx_tim.o(i.TIM_ClearITPendingBit)
    TIM_Cmd                                  0x08001289   Thumb Code    24  stm32f4xx_tim.o(i.TIM_Cmd)
    TIM_GetCapture1                          0x080012a1   Thumb Code     6  stm32f4xx_tim.o(i.TIM_GetCapture1)
    TIM_GetCapture2                          0x080012a7   Thumb Code     6  stm32f4xx_tim.o(i.TIM_GetCapture2)
    TIM_GetCapture3                          0x080012ad   Thumb Code     6  stm32f4xx_tim.o(i.TIM_GetCapture3)
    TIM_GetCapture4                          0x080012b3   Thumb Code     6  stm32f4xx_tim.o(i.TIM_GetCapture4)
    TIM_GetITStatus                          0x080012b9   Thumb Code    34  stm32f4xx_tim.o(i.TIM_GetITStatus)
    TIM_ITConfig                             0x080012db   Thumb Code    18  stm32f4xx_tim.o(i.TIM_ITConfig)
    TIM_OC1PolarityConfig                    0x080012ed   Thumb Code    18  stm32f4xx_tim.o(i.TIM_OC1PolarityConfig)
    TIM_OC2PolarityConfig                    0x080012ff   Thumb Code    26  stm32f4xx_tim.o(i.TIM_OC2PolarityConfig)
    TIM_OC3PolarityConfig                    0x08001319   Thumb Code    26  stm32f4xx_tim.o(i.TIM_OC3PolarityConfig)
    TIM_OC4PolarityConfig                    0x08001333   Thumb Code    26  stm32f4xx_tim.o(i.TIM_OC4PolarityConfig)
    TIM_TimeBaseInit                         0x0800134d   Thumb Code   104  stm32f4xx_tim.o(i.TIM_TimeBaseInit)
    Timer3_Config                            0x080013d1   Thumb Code    50  hc.o(i.Timer3_Config)
    USART1_IRQHandler                        0x08001409   Thumb Code   122  usart.o(i.USART1_IRQHandler)
    USART2_IRQHandler                        0x08001491   Thumb Code   122  usart2.o(i.USART2_IRQHandler)
    USART_Cmd                                0x08001519   Thumb Code    24  stm32f4xx_usart.o(i.USART_Cmd)
    USART_GetITStatus                        0x08001531   Thumb Code    84  stm32f4xx_usart.o(i.USART_GetITStatus)
    USART_ITConfig                           0x08001585   Thumb Code    74  stm32f4xx_usart.o(i.USART_ITConfig)
    USART_Init                               0x080015d1   Thumb Code   204  stm32f4xx_usart.o(i.USART_Init)
    USART_ReceiveData                        0x080016a5   Thumb Code    10  stm32f4xx_usart.o(i.USART_ReceiveData)
    USART_SendData                           0x080016af   Thumb Code     8  stm32f4xx_usart.o(i.USART_SendData)
    UsageFault_Handler                       0x080016b7   Thumb Code     4  stm32f4xx_it.o(i.UsageFault_Handler)
    delay_init                               0x080016bd   Thumb Code    52  delay.o(i.delay_init)
    delay_ms                                 0x080016f9   Thumb Code    72  delay.o(i.delay_ms)
    delay_us                                 0x08001745   Thumb Code    72  delay.o(i.delay_us)
    distance_measure                         0x08001791   Thumb Code   122  hc.o(i.distance_measure)
    loudspeaker_Config                       0x0800181d   Thumb Code    44  loudspeaker.o(i.loudspeaker_Config)
    main                                     0x0800184d   Thumb Code   244  main.o(i.main)
    usart1_init                              0x08001995   Thumb Code   164  usart.o(i.usart1_init)
    _fp_init                                 0x08001a41   Thumb Code    10  fpinit.o(x$fpl$fpinit)
    __fplib_config_fpu_vfp                   0x08001a49   Thumb Code     0  fpinit.o(x$fpl$fpinit)
    __fplib_config_pureend_doubles           0x08001a49   Thumb Code     0  fpinit.o(x$fpl$fpinit)
    Oled6x8                                  0x08001a4a   Data         552  oled.o(.constdata)
    Oled8x16                                 0x08001c72   Data        1520  oled.o(.constdata)
    Region$$Table$$Base                      0x08002264   Number         0  anon$$obj.o(Region$$Table)
    Region$$Table$$Limit                     0x08002284   Number         0  anon$$obj.o(Region$$Table)
    USART1_RX_STA                            0x20000014   Data           2  usart.o(.data)
    USART2_RX_CNT                            0x20000016   Data           1  usart2.o(.data)
    USART2_RX_STA                            0x20000018   Data           2  usart2.o(.data)
    count                                    0x2000001c   Data           4  hc.o(.data)
    distance                                 0x20000020   Data           4  hc.o(.data)
    TIME_GRADE                               0x20000024   Data           4  main.o(.data)
    TIME_CYCLE                               0x20000028   Data           4  main.o(.data)
    FRU_S                                    0x2000002c   Data           4  main.o(.data)
    TimCapHigh1                              0x20000030   Data           4  main.o(.data)
    TimCapHigh2                              0x20000034   Data           4  main.o(.data)
    TimCapHigh3                              0x20000038   Data           4  main.o(.data)
    TimCapHigh4                              0x2000003c   Data           4  main.o(.data)
    tiktok                                   0x20000040   Data           4  main.o(.data)
    mul                                      0x20000044   Data           1  main.o(.data)
    dir                                      0x20000045   Data           1  main.o(.data)
    led0pwmval                               0x20000046   Data           2  main.o(.data)
    TIM1CH1_STA                              0x2000004c   Data           1  iptcap.o(.data)
    TIM1CH2_STA                              0x2000004d   Data           1  iptcap.o(.data)
    TIM1CH3_STA                              0x2000004e   Data           1  iptcap.o(.data)
    TIM1CH4_STA                              0x2000004f   Data           1  iptcap.o(.data)
    PhoneStatus                              0x20000092   Data           1  timer.o(.data)
    USART1_RX_BUF                            0x20000098   Data         200  usart.o(.bss)
    USART2_RX_BUF                            0x20000160   Data         200  usart2.o(.bss)
    __libspace_start                         0x20000228   Data          96  libspace.o(.bss)
    __temporary_stack_top$libspace           0x20000288   Data           0  libspace.o(.bss)



==============================================================================

Memory Map of the image

  Image Entry point : 0x08000199

  Load Region LR_IROM1 (Base: 0x08000000, Size: 0x0000231c, Max: 0x00080000, ABSOLUTE)

    Execution Region ER_IROM1 (Exec base: 0x08000000, Load base: 0x08000000, Size: 0x00002284, Max: 0x00080000, ABSOLUTE)

    Exec Addr    Load Addr    Size         Type   Attr      Idx    E Section Name        Object

    0x08000000   0x08000000   0x00000198   Data   RO            3    RESET               startup_stm32f411xe.o
    0x08000198   0x08000198   0x00000008   Code   RO         2657  * !!!main             c_w.l(__main.o)
    0x080001a0   0x080001a0   0x00000034   Code   RO         3070    !!!scatter          c_w.l(__scatter.o)
    0x080001d4   0x080001d4   0x0000001a   Code   RO         3072    !!handler_copy      c_w.l(__scatter_copy.o)
    0x080001ee   0x080001ee   0x00000002   PAD
    0x080001f0   0x080001f0   0x0000001c   Code   RO         3074    !!handler_zi        c_w.l(__scatter_zi.o)
    0x0800020c   0x0800020c   0x00000002   Code   RO         2858    .ARM.Collect$$libinit$$00000000  c_w.l(libinit.o)
    0x0800020e   0x0800020e   0x00000004   Code   RO         2859    .ARM.Collect$$libinit$$00000001  c_w.l(libinit2.o)
    0x08000212   0x08000212   0x00000000   Code   RO         2862    .ARM.Collect$$libinit$$00000004  c_w.l(libinit2.o)
    0x08000212   0x08000212   0x00000000   Code   RO         2865    .ARM.Collect$$libinit$$0000000A  c_w.l(libinit2.o)
    0x08000212   0x08000212   0x00000000   Code   RO         2867    .ARM.Collect$$libinit$$0000000C  c_w.l(libinit2.o)
    0x08000212   0x08000212   0x00000000   Code   RO         2869    .ARM.Collect$$libinit$$0000000E  c_w.l(libinit2.o)
    0x08000212   0x08000212   0x00000000   Code   RO         2872    .ARM.Collect$$libinit$$00000011  c_w.l(libinit2.o)
    0x08000212   0x08000212   0x00000000   Code   RO         2874    .ARM.Collect$$libinit$$00000013  c_w.l(libinit2.o)
    0x08000212   0x08000212   0x00000000   Code   RO         2876    .ARM.Collect$$libinit$$00000015  c_w.l(libinit2.o)
    0x08000212   0x08000212   0x00000000   Code   RO         2878    .ARM.Collect$$libinit$$00000017  c_w.l(libinit2.o)
    0x08000212   0x08000212   0x00000000   Code   RO         2880    .ARM.Collect$$libinit$$00000019  c_w.l(libinit2.o)
    0x08000212   0x08000212   0x00000000   Code   RO         2882    .ARM.Collect$$libinit$$0000001B  c_w.l(libinit2.o)
    0x08000212   0x08000212   0x00000000   Code   RO         2884    .ARM.Collect$$libinit$$0000001D  c_w.l(libinit2.o)
    0x08000212   0x08000212   0x00000000   Code   RO         2886    .ARM.Collect$$libinit$$0000001F  c_w.l(libinit2.o)
    0x08000212   0x08000212   0x00000000   Code   RO         2888    .ARM.Collect$$libinit$$00000021  c_w.l(libinit2.o)
    0x08000212   0x08000212   0x00000000   Code   RO         2890    .ARM.Collect$$libinit$$00000023  c_w.l(libinit2.o)
    0x08000212   0x08000212   0x00000000   Code   RO         2892    .ARM.Collect$$libinit$$00000025  c_w.l(libinit2.o)
    0x08000212   0x08000212   0x00000000   Code   RO         2896    .ARM.Collect$$libinit$$0000002C  c_w.l(libinit2.o)
    0x08000212   0x08000212   0x00000000   Code   RO         2898    .ARM.Collect$$libinit$$0000002E  c_w.l(libinit2.o)
    0x08000212   0x08000212   0x00000000   Code   RO         2900    .ARM.Collect$$libinit$$00000030  c_w.l(libinit2.o)
    0x08000212   0x08000212   0x00000000   Code   RO         2902    .ARM.Collect$$libinit$$00000032  c_w.l(libinit2.o)
    0x08000212   0x08000212   0x00000002   Code   RO         2903    .ARM.Collect$$libinit$$00000033  c_w.l(libinit2.o)
    0x08000214   0x08000214   0x00000002   Code   RO         3049    .ARM.Collect$$libshutdown$$00000000  c_w.l(libshutdown.o)
    0x08000216   0x08000216   0x00000000   Code   RO         2905    .ARM.Collect$$libshutdown$$00000002  c_w.l(libshutdown2.o)
    0x08000216   0x08000216   0x00000000   Code   RO         2907    .ARM.Collect$$libshutdown$$00000004  c_w.l(libshutdown2.o)
    0x08000216   0x08000216   0x00000000   Code   RO         2909    .ARM.Collect$$libshutdown$$00000006  c_w.l(libshutdown2.o)
    0x08000216   0x08000216   0x00000000   Code   RO         2912    .ARM.Collect$$libshutdown$$00000009  c_w.l(libshutdown2.o)
    0x08000216   0x08000216   0x00000000   Code   RO         2915    .ARM.Collect$$libshutdown$$0000000C  c_w.l(libshutdown2.o)
    0x08000216   0x08000216   0x00000000   Code   RO         2917    .ARM.Collect$$libshutdown$$0000000E  c_w.l(libshutdown2.o)
    0x08000216   0x08000216   0x00000000   Code   RO         2920    .ARM.Collect$$libshutdown$$00000011  c_w.l(libshutdown2.o)
    0x08000216   0x08000216   0x00000002   Code   RO         2921    .ARM.Collect$$libshutdown$$00000012  c_w.l(libshutdown2.o)
    0x08000218   0x08000218   0x00000000   Code   RO         2665    .ARM.Collect$$rtentry$$00000000  c_w.l(__rtentry.o)
    0x08000218   0x08000218   0x00000000   Code   RO         2689    .ARM.Collect$$rtentry$$00000002  c_w.l(__rtentry2.o)
    0x08000218   0x08000218   0x00000006   Code   RO         2701    .ARM.Collect$$rtentry$$00000004  c_w.l(__rtentry4.o)
    0x0800021e   0x0800021e   0x00000000   Code   RO         2691    .ARM.Collect$$rtentry$$00000009  c_w.l(__rtentry2.o)
    0x0800021e   0x0800021e   0x00000004   Code   RO         2692    .ARM.Collect$$rtentry$$0000000A  c_w.l(__rtentry2.o)
    0x08000222   0x08000222   0x00000000   Code   RO         2694    .ARM.Collect$$rtentry$$0000000C  c_w.l(__rtentry2.o)
    0x08000222   0x08000222   0x00000008   Code   RO         2695    .ARM.Collect$$rtentry$$0000000D  c_w.l(__rtentry2.o)
    0x0800022a   0x0800022a   0x00000002   Code   RO         2927    .ARM.Collect$$rtexit$$00000000  c_w.l(rtexit.o)
    0x0800022c   0x0800022c   0x00000000   Code   RO         2985    .ARM.Collect$$rtexit$$00000002  c_w.l(rtexit2.o)
    0x0800022c   0x0800022c   0x00000004   Code   RO         2986    .ARM.Collect$$rtexit$$00000003  c_w.l(rtexit2.o)
    0x08000230   0x08000230   0x00000006   Code   RO         2987    .ARM.Collect$$rtexit$$00000004  c_w.l(rtexit2.o)
    0x08000236   0x08000236   0x00000002   PAD
    0x08000238   0x08000238   0x00000040   Code   RO            4    .text               startup_stm32f411xe.o
    0x08000278   0x08000278   0x00000006   Code   RO         2655    .text               c_w.l(heapauxi.o)
    0x0800027e   0x0800027e   0x00000002   PAD
    0x08000280   0x08000280   0x00000008   Code   RO         2765    .text               c_w.l(libspace.o)
    0x08000288   0x08000288   0x0000004a   Code   RO         2770    .text               c_w.l(sys_stackheap_outer.o)
    0x080002d2   0x080002d2   0x00000012   Code   RO         2843    .text               c_w.l(exit.o)
    0x080002e4   0x080002e4   0x00000002   Code   RO         2924    .text               c_w.l(use_no_semi.o)
    0x080002e6   0x080002e6   0x00000000   Code   RO         2926    .text               c_w.l(indicate_semi.o)
    0x080002e6   0x080002e6   0x00000002   PAD
    0x080002e8   0x080002e8   0x0000000c   Code   RO         2982    .text               c_w.l(sys_exit.o)
    0x080002f4   0x080002f4   0x00000004   Code   RO         1492    i.BusFault_Handler  stm32f4xx_it.o
    0x080002f8   0x080002f8   0x00000002   Code   RO         1493    i.DebugMon_Handler  stm32f4xx_it.o
    0x080002fa   0x080002fa   0x00000002   PAD
    0x080002fc   0x080002fc   0x0000002c   Code   RO         1918    i.Distance_Calculate  hc.o
    0x08000328   0x08000328   0x00000020   Code   RO         2375    i.EXTI15_10_IRQHandler  exit.o
    0x08000348   0x08000348   0x00000090   Code   RO          250    i.GPIO_Init         stm32f4xx_gpio.o
    0x080003d8   0x080003d8   0x00000046   Code   RO          251    i.GPIO_PinAFConfig  stm32f4xx_gpio.o
    0x0800041e   0x0800041e   0x00000012   Code   RO          254    i.GPIO_ReadInputDataBit  stm32f4xx_gpio.o
    0x08000430   0x08000430   0x00000004   Code   RO          257    i.GPIO_ResetBits    stm32f4xx_gpio.o
    0x08000434   0x08000434   0x00000004   Code   RO          258    i.GPIO_SetBits      stm32f4xx_gpio.o
    0x08000438   0x08000438   0x00000048   Code   RO         1919    i.HC_Config         hc.o
    0x08000480   0x08000480   0x00000004   Code   RO         1494    i.HardFault_Handler  stm32f4xx_it.o
    0x08000484   0x08000484   0x0000002c   Code   RO         2340    i.KEY_Init          key.o
    0x080004b0   0x080004b0   0x0000005c   Code   RO         2341    i.KEY_Scan          key.o
    0x0800050c   0x0800050c   0x00000040   Code   RO         2313    i.LED_Init          led.o
    0x0800054c   0x0800054c   0x00000004   Code   RO         1495    i.MemManage_Handler  stm32f4xx_it.o
    0x08000550   0x08000550   0x00000002   Code   RO         1496    i.NMI_Handler       stm32f4xx_it.o
    0x08000552   0x08000552   0x00000002   PAD
    0x08000554   0x08000554   0x00000078   Code   RO          137    i.NVIC_Init         misc.o
    0x080005cc   0x080005cc   0x00000014   Code   RO          138    i.NVIC_PriorityGroupConfig  misc.o
    0x080005e0   0x080005e0   0x00000040   Code   RO         2017    i.OledCls           oled.o
    0x08000620   0x08000620   0x00000042   Code   RO         2018    i.OledFill          oled.o
    0x08000662   0x08000662   0x00000002   PAD
    0x08000664   0x08000664   0x0000009c   Code   RO         2019    i.OledInit          oled.o
    0x08000700   0x08000700   0x0000003c   Code   RO         2020    i.OledPinInit       oled.o
    0x0800073c   0x0800073c   0x000000d8   Code   RO         2024    i.OledPrintValueI   oled.o
    0x08000814   0x08000814   0x0000002a   Code   RO         2025    i.OledSetPos        oled.o
    0x0800083e   0x0800083e   0x00000002   PAD
    0x08000840   0x08000840   0x00000050   Code   RO         2026    i.OledShow6x8Char   oled.o
    0x08000890   0x08000890   0x00000068   Code   RO         2027    i.OledShow6x8Str    oled.o
    0x080008f8   0x080008f8   0x00000064   Code   RO         2029    i.OledWrByte        oled.o
    0x0800095c   0x0800095c   0x00000002   Code   RO         1497    i.PendSV_Handler    stm32f4xx_it.o
    0x0800095e   0x0800095e   0x00000002   PAD
    0x08000960   0x08000960   0x00000020   Code   RO          357    i.RCC_AHB1PeriphClockCmd  stm32f4xx_rcc.o
    0x08000980   0x08000980   0x00000020   Code   RO          363    i.RCC_APB1PeriphClockCmd  stm32f4xx_rcc.o
    0x080009a0   0x080009a0   0x00000020   Code   RO          366    i.RCC_APB2PeriphClockCmd  stm32f4xx_rcc.o
    0x080009c0   0x080009c0   0x000000e8   Code   RO          375    i.RCC_GetClocksFreq  stm32f4xx_rcc.o
    0x08000aa8   0x08000aa8   0x00000002   Code   RO         1498    i.SVC_Handler       stm32f4xx_it.o
    0x08000aaa   0x08000aaa   0x00000016   Code   RO         2031    i.SetAddressingMode  oled.o
    0x08000ac0   0x08000ac0   0x00000018   Code   RO         2032    i.SetChargePump     oled.o
    0x08000ad8   0x08000ad8   0x00000018   Code   RO         2034    i.SetCommonConfig   oled.o
    0x08000af0   0x08000af0   0x00000010   Code   RO         2035    i.SetCommonRemap    oled.o
    0x08000b00   0x08000b00   0x00000016   Code   RO         2036    i.SetContrastControl  oled.o
    0x08000b16   0x08000b16   0x00000016   Code   RO         2037    i.SetDisplayClock   oled.o
    0x08000b2c   0x08000b2c   0x00000016   Code   RO         2038    i.SetDisplayOffset  oled.o
    0x08000b42   0x08000b42   0x00000010   Code   RO         2039    i.SetDisplayOnOff   oled.o
    0x08000b52   0x08000b52   0x00000010   Code   RO         2040    i.SetEntireDisplay  oled.o
    0x08000b62   0x08000b62   0x00000010   Code   RO         2041    i.SetInverseDisplay  oled.o
    0x08000b72   0x08000b72   0x00000016   Code   RO         2042    i.SetMultiplexRatio  oled.o
    0x08000b88   0x08000b88   0x00000016   Code   RO         2045    i.SetPrechargePeriod  oled.o
    0x08000b9e   0x08000b9e   0x00000010   Code   RO         2046    i.SetSegmentRemap   oled.o
    0x08000bae   0x08000bae   0x00000010   Code   RO         2048    i.SetStartLine      oled.o
    0x08000bbe   0x08000bbe   0x00000002   PAD
    0x08000bc0   0x08000bc0   0x000000a0   Code   RO           13    i.SetSysClock       system_stm32f4xx.o
    0x08000c60   0x08000c60   0x00000016   Code   RO         2050    i.SetVcomh          oled.o
    0x08000c76   0x08000c76   0x00000028   Code   RO          141    i.SysTick_CLKSourceConfig  misc.o
    0x08000c9e   0x08000c9e   0x00000002   Code   RO         1499    i.SysTick_Handler   stm32f4xx_it.o
    0x08000ca0   0x08000ca0   0x00000068   Code   RO           15    i.SystemInit        system_stm32f4xx.o
    0x08000d08   0x08000d08   0x000002f4   Code   RO         2411    i.TIM1_CC_IRQHandler  iptcap.o
    0x08000ffc   0x08000ffc   0x00000054   Code   RO         2413    i.TIM1_UP_TIM10_IRQHandler  iptcap.o
    0x08001050   0x08001050   0x00000048   Code   RO         2493    i.TIM3_IRQHandler   timer.o
    0x08001098   0x08001098   0x00000164   Code   RO         2495    i.TIM4_IRQHandler   timer.o
    0x080011fc   0x080011fc   0x0000005c   Code   RO         2496    i.TIM4_Init         timer.o
    0x08001258   0x08001258   0x00000024   Code   RO         2497    i.TIM5_IRQHandler   timer.o
    0x0800127c   0x0800127c   0x00000006   Code   RO          738    i.TIM_ClearFlag     stm32f4xx_tim.o
    0x08001282   0x08001282   0x00000006   Code   RO          739    i.TIM_ClearITPendingBit  stm32f4xx_tim.o
    0x08001288   0x08001288   0x00000018   Code   RO          744    i.TIM_Cmd           stm32f4xx_tim.o
    0x080012a0   0x080012a0   0x00000006   Code   RO          759    i.TIM_GetCapture1   stm32f4xx_tim.o
    0x080012a6   0x080012a6   0x00000006   Code   RO          760    i.TIM_GetCapture2   stm32f4xx_tim.o
    0x080012ac   0x080012ac   0x00000006   Code   RO          761    i.TIM_GetCapture3   stm32f4xx_tim.o
    0x080012b2   0x080012b2   0x00000006   Code   RO          762    i.TIM_GetCapture4   stm32f4xx_tim.o
    0x080012b8   0x080012b8   0x00000022   Code   RO          765    i.TIM_GetITStatus   stm32f4xx_tim.o
    0x080012da   0x080012da   0x00000012   Code   RO          769    i.TIM_ITConfig      stm32f4xx_tim.o
    0x080012ec   0x080012ec   0x00000012   Code   RO          775    i.TIM_OC1PolarityConfig  stm32f4xx_tim.o
    0x080012fe   0x080012fe   0x0000001a   Code   RO          780    i.TIM_OC2PolarityConfig  stm32f4xx_tim.o
    0x08001318   0x08001318   0x0000001a   Code   RO          785    i.TIM_OC3PolarityConfig  stm32f4xx_tim.o
    0x08001332   0x08001332   0x0000001a   Code   RO          789    i.TIM_OC4PolarityConfig  stm32f4xx_tim.o
    0x0800134c   0x0800134c   0x00000084   Code   RO          816    i.TIM_TimeBaseInit  stm32f4xx_tim.o
    0x080013d0   0x080013d0   0x00000038   Code   RO         1920    i.Timer3_Config     hc.o
    0x08001408   0x08001408   0x00000088   Code   RO         1828    i.USART1_IRQHandler  usart.o
    0x08001490   0x08001490   0x00000088   Code   RO         1869    i.USART2_IRQHandler  usart2.o
    0x08001518   0x08001518   0x00000018   Code   RO         1301    i.USART_Cmd         stm32f4xx_usart.o
    0x08001530   0x08001530   0x00000054   Code   RO         1305    i.USART_GetITStatus  stm32f4xx_usart.o
    0x08001584   0x08001584   0x0000004a   Code   RO         1307    i.USART_ITConfig    stm32f4xx_usart.o
    0x080015ce   0x080015ce   0x00000002   PAD
    0x080015d0   0x080015d0   0x000000d4   Code   RO         1308    i.USART_Init        stm32f4xx_usart.o
    0x080016a4   0x080016a4   0x0000000a   Code   RO         1315    i.USART_ReceiveData  stm32f4xx_usart.o
    0x080016ae   0x080016ae   0x00000008   Code   RO         1318    i.USART_SendData    stm32f4xx_usart.o
    0x080016b6   0x080016b6   0x00000004   Code   RO         1500    i.UsageFault_Handler  stm32f4xx_it.o
    0x080016ba   0x080016ba   0x00000002   PAD
    0x080016bc   0x080016bc   0x0000003c   Code   RO         1762    i.delay_init        delay.o
    0x080016f8   0x080016f8   0x0000004c   Code   RO         1763    i.delay_ms          delay.o
    0x08001744   0x08001744   0x0000004c   Code   RO         1764    i.delay_us          delay.o
    0x08001790   0x08001790   0x0000008c   Code   RO         1921    i.distance_measure  hc.o
    0x0800181c   0x0800181c   0x00000030   Code   RO         1980    i.loudspeaker_Config  loudspeaker.o
    0x0800184c   0x0800184c   0x00000148   Code   RO         2246    i.main              main.o
    0x08001994   0x08001994   0x000000ac   Code   RO         1829    i.usart1_init       usart.o
    0x08001a40   0x08001a40   0x0000000a   Code   RO         2980    x$fpl$fpinit        fz_wm.l(fpinit.o)
    0x08001a4a   0x08001a4a   0x00000818   Data   RO         2051    .constdata          oled.o
    0x08002262   0x08002262   0x00000002   PAD
    0x08002264   0x08002264   0x00000020   Data   RO         3068    Region$$Table       anon$$obj.o


    Execution Region RW_IRAM1 (Exec base: 0x20000000, Load base: 0x08002284, Size: 0x00000888, Max: 0x00020000, ABSOLUTE)

    Exec Addr    Load Addr    Size         Type   Attr      Idx    E Section Name        Object

    0x20000000   0x08002284   0x00000010   Data   RW          405    .data               stm32f4xx_rcc.o
    0x20000010   0x08002294   0x00000004   Data   RW         1765    .data               delay.o
    0x20000014   0x08002298   0x00000002   Data   RW         1831    .data               usart.o
    0x20000016   0x0800229a   0x00000004   Data   RW         1874    .data               usart2.o
    0x2000001a   0x0800229e   0x00000002   PAD
    0x2000001c   0x080022a0   0x00000008   Data   RW         1922    .data               hc.o
    0x20000024   0x080022a8   0x00000024   Data   RW         2247    .data               main.o
    0x20000048   0x080022cc   0x00000001   Data   RW         2342    .data               key.o
    0x20000049   0x080022cd   0x00000003   PAD
    0x2000004c   0x080022d0   0x00000046   Data   RW         2414    .data               iptcap.o
    0x20000092   0x08002316   0x00000004   Data   RW         2499    .data               timer.o
    0x20000096   0x0800231a   0x00000002   PAD
    0x20000098        -       0x000000c8   Zero   RW         1830    .bss                usart.o
    0x20000160        -       0x000000c8   Zero   RW         1873    .bss                usart2.o
    0x20000228        -       0x00000060   Zero   RW         2766    .bss                c_w.l(libspace.o)
    0x20000288        -       0x00000200   Zero   RW            2    HEAP                startup_stm32f411xe.o
    0x20000488        -       0x00000400   Zero   RW            1    STACK               startup_stm32f411xe.o


==============================================================================

Image component sizes


      Code (inc. data)   RO Data    RW Data    ZI Data      Debug   Object Name

       212         16          0          4          0       1983   delay.o
        32          8          0          0          0        515   exit.o
       312         40          0          8          0       2545   hc.o
       840        138          0         70          0       2430   iptcap.o
       136         16          0          1          0       1162   key.o
        64         10          0          0          0        535   led.o
        48          4          0          0          0        601   loudspeaker.o
       328         84          0         36          0       1195   main.o
       180         24          0          0          0      19085   misc.o
      1186         26       2072          0          0      15603   oled.o
        64         26        408          0       1536        928   startup_stm32f411xe.o
       240          0          0          0          0       9935   stm32f4xx_gpio.o
        26          0          0          0          0       4566   stm32f4xx_it.o
       328         36          0         16          0      20051   stm32f4xx_rcc.o
       340         28          0          0          0      29282   stm32f4xx_tim.o
       412          8          0          0          0      11135   stm32f4xx_usart.o
       264         34          0          0          0     238017   system_stm32f4xx.o
       556         62          0          4          0       3359   timer.o
       308         22          0          2        200       2064   usart.o
       136         14          0          4        200       1384   usart2.o

    ----------------------------------------------------------------------
      6028        596       2514        152       1936     366375   Object Totals
         0          0         32          0          0          0   (incl. Generated)
        16          0          2          7          0          0   (incl. Padding)

    ----------------------------------------------------------------------

      Code (inc. data)   RO Data    RW Data    ZI Data      Debug   Library Member Name

         8          0          0          0          0         68   __main.o
         0          0          0          0          0          0   __rtentry.o
        12          0          0          0          0          0   __rtentry2.o
         6          0          0          0          0          0   __rtentry4.o
        52          8          0          0          0          0   __scatter.o
        26          0          0          0          0          0   __scatter_copy.o
        28          0          0          0          0          0   __scatter_zi.o
        18          0          0          0          0         80   exit.o
         6          0          0          0          0        152   heapauxi.o
         0          0          0          0          0          0   indicate_semi.o
         2          0          0          0          0          0   libinit.o
         6          0          0          0          0          0   libinit2.o
         2          0          0          0          0          0   libshutdown.o
         2          0          0          0          0          0   libshutdown2.o
         8          4          0          0         96         68   libspace.o
         2          0          0          0          0          0   rtexit.o
        10          0          0          0          0          0   rtexit2.o
        12          4          0          0          0         68   sys_exit.o
        74          0          0          0          0         80   sys_stackheap_outer.o
         2          0          0          0          0         68   use_no_semi.o
        10          0          0          0          0        116   fpinit.o

    ----------------------------------------------------------------------
       294         16          0          0         96        700   Library Totals
         8          0          0          0          0          0   (incl. Padding)

    ----------------------------------------------------------------------

      Code (inc. data)   RO Data    RW Data    ZI Data      Debug   Library Name

       276         16          0          0         96        584   c_w.l
        10          0          0          0          0        116   fz_wm.l

    ----------------------------------------------------------------------
       294         16          0          0         96        700   Library Totals

    ----------------------------------------------------------------------

==============================================================================


      Code (inc. data)   RO Data    RW Data    ZI Data      Debug   

      6322        612       2514        152       2032     358619   Grand Totals
      6322        612       2514        152       2032     358619   ELF Image Totals
      6322        612       2514        152          0          0   ROM Totals

==============================================================================

    Total RO  Size (Code + RO Data)                 8836 (   8.63kB)
    Total RW  Size (RW Data + ZI Data)              2184 (   2.13kB)
    Total ROM Size (Code + RO Data + RW Data)       8988 (   8.78kB)

==============================================================================

